Archive member included to satisfy reference by file (symbol)

/home/lukeinator/Documents/gcc-arm-none-eabi-5_2-2015q4/bin/../lib/gcc/arm-none-eabi/5.2.1/../../../../arm-none-eabi/lib/armv7e-m/softfp/libm.a(lib_a-w_pow.o)
                              src/pressure.o (pow)
/home/lukeinator/Documents/gcc-arm-none-eabi-5_2-2015q4/bin/../lib/gcc/arm-none-eabi/5.2.1/../../../../arm-none-eabi/lib/armv7e-m/softfp/libm.a(lib_a-e_pow.o)
                              /home/lukeinator/Documents/gcc-arm-none-eabi-5_2-2015q4/bin/../lib/gcc/arm-none-eabi/5.2.1/../../../../arm-none-eabi/lib/armv7e-m/softfp/libm.a(lib_a-w_pow.o) (__ieee754_pow)
/home/lukeinator/Documents/gcc-arm-none-eabi-5_2-2015q4/bin/../lib/gcc/arm-none-eabi/5.2.1/../../../../arm-none-eabi/lib/armv7e-m/softfp/libm.a(lib_a-e_sqrt.o)
                              /home/lukeinator/Documents/gcc-arm-none-eabi-5_2-2015q4/bin/../lib/gcc/arm-none-eabi/5.2.1/../../../../arm-none-eabi/lib/armv7e-m/softfp/libm.a(lib_a-e_pow.o) (__ieee754_sqrt)
/home/lukeinator/Documents/gcc-arm-none-eabi-5_2-2015q4/bin/../lib/gcc/arm-none-eabi/5.2.1/../../../../arm-none-eabi/lib/armv7e-m/softfp/libm.a(lib_a-s_fabs.o)
                              /home/lukeinator/Documents/gcc-arm-none-eabi-5_2-2015q4/bin/../lib/gcc/arm-none-eabi/5.2.1/../../../../arm-none-eabi/lib/armv7e-m/softfp/libm.a(lib_a-e_pow.o) (fabs)
/home/lukeinator/Documents/gcc-arm-none-eabi-5_2-2015q4/bin/../lib/gcc/arm-none-eabi/5.2.1/../../../../arm-none-eabi/lib/armv7e-m/softfp/libm.a(lib_a-s_finite.o)
                              /home/lukeinator/Documents/gcc-arm-none-eabi-5_2-2015q4/bin/../lib/gcc/arm-none-eabi/5.2.1/../../../../arm-none-eabi/lib/armv7e-m/softfp/libm.a(lib_a-w_pow.o) (finite)
/home/lukeinator/Documents/gcc-arm-none-eabi-5_2-2015q4/bin/../lib/gcc/arm-none-eabi/5.2.1/../../../../arm-none-eabi/lib/armv7e-m/softfp/libm.a(lib_a-s_fpclassify.o)
                              /home/lukeinator/Documents/gcc-arm-none-eabi-5_2-2015q4/bin/../lib/gcc/arm-none-eabi/5.2.1/../../../../arm-none-eabi/lib/armv7e-m/softfp/libm.a(lib_a-w_pow.o) (__fpclassifyd)
/home/lukeinator/Documents/gcc-arm-none-eabi-5_2-2015q4/bin/../lib/gcc/arm-none-eabi/5.2.1/../../../../arm-none-eabi/lib/armv7e-m/softfp/libm.a(lib_a-s_lib_ver.o)
                              /home/lukeinator/Documents/gcc-arm-none-eabi-5_2-2015q4/bin/../lib/gcc/arm-none-eabi/5.2.1/../../../../arm-none-eabi/lib/armv7e-m/softfp/libm.a(lib_a-w_pow.o) (__fdlib_version)
/home/lukeinator/Documents/gcc-arm-none-eabi-5_2-2015q4/bin/../lib/gcc/arm-none-eabi/5.2.1/../../../../arm-none-eabi/lib/armv7e-m/softfp/libm.a(lib_a-s_matherr.o)
                              /home/lukeinator/Documents/gcc-arm-none-eabi-5_2-2015q4/bin/../lib/gcc/arm-none-eabi/5.2.1/../../../../arm-none-eabi/lib/armv7e-m/softfp/libm.a(lib_a-w_pow.o) (matherr)
/home/lukeinator/Documents/gcc-arm-none-eabi-5_2-2015q4/bin/../lib/gcc/arm-none-eabi/5.2.1/../../../../arm-none-eabi/lib/armv7e-m/softfp/libm.a(lib_a-s_nan.o)
                              /home/lukeinator/Documents/gcc-arm-none-eabi-5_2-2015q4/bin/../lib/gcc/arm-none-eabi/5.2.1/../../../../arm-none-eabi/lib/armv7e-m/softfp/libm.a(lib_a-e_pow.o) (nan)
/home/lukeinator/Documents/gcc-arm-none-eabi-5_2-2015q4/bin/../lib/gcc/arm-none-eabi/5.2.1/../../../../arm-none-eabi/lib/armv7e-m/softfp/libm.a(lib_a-s_rint.o)
                              /home/lukeinator/Documents/gcc-arm-none-eabi-5_2-2015q4/bin/../lib/gcc/arm-none-eabi/5.2.1/../../../../arm-none-eabi/lib/armv7e-m/softfp/libm.a(lib_a-w_pow.o) (rint)
/home/lukeinator/Documents/gcc-arm-none-eabi-5_2-2015q4/bin/../lib/gcc/arm-none-eabi/5.2.1/../../../../arm-none-eabi/lib/armv7e-m/softfp/libm.a(lib_a-s_scalbn.o)
                              /home/lukeinator/Documents/gcc-arm-none-eabi-5_2-2015q4/bin/../lib/gcc/arm-none-eabi/5.2.1/../../../../arm-none-eabi/lib/armv7e-m/softfp/libm.a(lib_a-e_pow.o) (scalbn)
/home/lukeinator/Documents/gcc-arm-none-eabi-5_2-2015q4/bin/../lib/gcc/arm-none-eabi/5.2.1/../../../../arm-none-eabi/lib/armv7e-m/softfp/libm.a(lib_a-s_copysign.o)
                              /home/lukeinator/Documents/gcc-arm-none-eabi-5_2-2015q4/bin/../lib/gcc/arm-none-eabi/5.2.1/../../../../arm-none-eabi/lib/armv7e-m/softfp/libm.a(lib_a-s_scalbn.o) (copysign)
/home/lukeinator/Documents/gcc-arm-none-eabi-5_2-2015q4/bin/../lib/gcc/arm-none-eabi/5.2.1/../../../../arm-none-eabi/lib/armv7e-m/softfp/libc_nano.a(lib_a-errno.o)
                              /home/lukeinator/Documents/gcc-arm-none-eabi-5_2-2015q4/bin/../lib/gcc/arm-none-eabi/5.2.1/../../../../arm-none-eabi/lib/armv7e-m/softfp/libm.a(lib_a-w_pow.o) (__errno)
/home/lukeinator/Documents/gcc-arm-none-eabi-5_2-2015q4/bin/../lib/gcc/arm-none-eabi/5.2.1/../../../../arm-none-eabi/lib/armv7e-m/softfp/libc_nano.a(lib_a-exit.o)
                              /home/lukeinator/Documents/gcc-arm-none-eabi-5_2-2015q4/bin/../lib/gcc/arm-none-eabi/5.2.1/../../../../arm-none-eabi/lib/armv7e-m/softfp/crt0.o (exit)
[...]
Memory Configuration

Name             Origin             Length             Attributes
FLASH            0x08000000         0x00100000         xr
CCM              0x10000000         0x00010000         xrw
RAM              0x20000188         0x0001fe78         xrw
*default*        0x00000000         0xffffffff

Linker script and memory map

LOAD /home/lukeinator/Documents/gcc-arm-none-eabi-5_2-2015q4/bin/../lib/gcc/arm-none-eabi/5.2.1/armv7e-m/softfp/crti.o
LOAD /home/lukeinator/Documents/gcc-arm-none-eabi-5_2-2015q4/bin/../lib/gcc/arm-none-eabi/5.2.1/armv7e-m/softfp/crtbegin.o
LOAD /home/lukeinator/Documents/gcc-arm-none-eabi-5_2-2015q4/bin/../lib/gcc/arm-none-eabi/5.2.1/../../../../arm-none-eabi/lib/armv7e-m/softfp/crt0.o
LOAD main.o
LOAD src/stm32f4xx_it.o
LOAD src/init.o
LOAD src/pressure.o
LOAD src/print.o
LOAD STM32Cube_FW_F4_V1.9.0/Drivers/STM32F4xx_HAL_Driver/Src/stm32f4xx_hal.o
LOAD STM32Cube_FW_F4_V1.9.0/Drivers/STM32F4xx_HAL_Driver/Src/stm32f4xx_hal_adc.o
LOAD STM32Cube_FW_F4_V1.9.0/Drivers/STM32F4xx_HAL_Driver/Src/stm32f4xx_hal_crc.o
LOAD STM32Cube_FW_F4_V1.9.0/Drivers/STM32F4xx_HAL_Driver/Src/stm32f4xx_hal_can.o
LOAD STM32Cube_FW_F4_V1.9.0/Drivers/STM32F4xx_HAL_Driver/Src/stm32f4xx_hal_uart.o
LOAD STM32Cube_FW_F4_V1.9.0/Drivers/STM32F4xx_HAL_Driver/Src/stm32f4xx_hal_usart.o
LOAD STM32Cube_FW_F4_V1.9.0/Drivers/STM32F4xx_HAL_Driver/Src/stm32f4xx_hal_cortex.o
LOAD STM32Cube_FW_F4_V1.9.0/Drivers/STM32F4xx_HAL_Driver/Src/stm32f4xx_hal_gpio.o
LOAD STM32Cube_FW_F4_V1.9.0/Drivers/STM32F4xx_HAL_Driver/Src/stm32f4xx_hal_rcc.o
LOAD STM32Cube_FW_F4_V1.9.0/Drivers/STM32F4xx_HAL_Driver/Src/stm32f4xx_hal_dma.o
LOAD STM32Cube_FW_F4_V1.9.0/Drivers/STM32F4xx_HAL_Driver/Src/stm32f4xx_hal_spi.o
LOAD STM32Cube_FW_F4_V1.9.0/Drivers/STM32F4xx_HAL_Driver/Src/stm32f4xx_hal_i2c.o
LOAD STM32Cube_FW_F4_V1.9.0/Drivers/STM32F4xx_HAL_Driver/Src/stm32f4xx_hal_i2c_ex.o
LOAD STM32Cube_FW_F4_V1.9.0/Drivers/STM32F4xx_HAL_Driver/Src/stm32f4xx_hal_tim.o
LOAD STM32Cube_FW_F4_V1.9.0/Drivers/STM32F4xx_HAL_Driver/Src/stm32f4xx_hal_tim_ex.o
LOAD STM32Cube_FW_F4_V1.9.0/Drivers/STM32F4xx_HAL_Driver/Src/stm32f4xx_hal_i2s.o
LOAD STM32Cube_FW_F4_V1.9.0/Drivers/STM32F4xx_HAL_Driver/Src/stm32f4xx_hal_i2s_ex.o
LOAD STM32Cube_FW_F4_V1.9.0/Drivers/CMSIS/Device/ST/STM32F4xx/Source/Templates/system_stm32f4xx.o
LOAD STM32Cube_FW_F4_V1.9.0/Drivers/CMSIS/Device/ST/STM32F4xx/Source/Templates/gcc/startup_stm32f407xx.o
LOAD STM32Cube_FW_F4_V1.9.0/Middlewares/Third_Party/LwIP/src/netif/etharp.o
LOAD STM32Cube_FW_F4_V1.9.0/Middlewares/Third_Party/LwIP/src/netif/slipif.o
LOAD STM32Cube_FW_F4_V1.9.0/Middlewares/Third_Party/LwIP/src/netif/ppp/auth.o
LOAD STM32Cube_FW_F4_V1.9.0/Middlewares/Third_Party/LwIP/src/netif/ppp/chap.o
LOAD STM32Cube_FW_F4_V1.9.0/Middlewares/Third_Party/LwIP/src/netif/ppp/chpms.o
LOAD STM32Cube_FW_F4_V1.9.0/Middlewares/Third_Party/LwIP/src/netif/ppp/fsm.o
LOAD STM32Cube_FW_F4_V1.9.0/Middlewares/Third_Party/LwIP/src/netif/ppp/ipcp.o
LOAD STM32Cube_FW_F4_V1.9.0/Middlewares/Third_Party/LwIP/src/netif/ppp/lcp.o
LOAD STM32Cube_FW_F4_V1.9.0/Middlewares/Third_Party/LwIP/src/netif/ppp/magic.o
LOAD STM32Cube_FW_F4_V1.9.0/Middlewares/Third_Party/LwIP/src/netif/ppp/md5.o
LOAD STM32Cube_FW_F4_V1.9.0/Middlewares/Third_Party/LwIP/src/netif/ppp/pap.o
LOAD STM32Cube_FW_F4_V1.9.0/Middlewares/Third_Party/LwIP/src/netif/ppp/ppp.o
LOAD STM32Cube_FW_F4_V1.9.0/Middlewares/Third_Party/LwIP/src/netif/ppp/ppp_oe.o
LOAD STM32Cube_FW_F4_V1.9.0/Middlewares/Third_Party/LwIP/src/netif/ppp/randm.o
LOAD STM32Cube_FW_F4_V1.9.0/Middlewares/Third_Party/LwIP/src/netif/ppp/vj.o
LOAD STM32Cube_FW_F4_V1.9.0/Middlewares/Third_Party/LwIP/src/api/api_lib.o
LOAD STM32Cube_FW_F4_V1.9.0/Middlewares/Third_Party/LwIP/src/api/api_msg.o
LOAD STM32Cube_FW_F4_V1.9.0/Middlewares/Third_Party/LwIP/src/api/err.o
LOAD STM32Cube_FW_F4_V1.9.0/Middlewares/Third_Party/LwIP/src/api/netbuf.o
LOAD STM32Cube_FW_F4_V1.9.0/Middlewares/Third_Party/LwIP/src/api/netdb.o
LOAD STM32Cube_FW_F4_V1.9.0/Middlewares/Third_Party/LwIP/src/api/netifapi.o
LOAD STM32Cube_FW_F4_V1.9.0/Middlewares/Third_Party/LwIP/src/api/sockets.o
LOAD STM32Cube_FW_F4_V1.9.0/Middlewares/Third_Party/LwIP/src/api/tcpip.o
LOAD STM32Cube_FW_F4_V1.9.0/Middlewares/Third_Party/LwIP/src/core/def.o
LOAD STM32Cube_FW_F4_V1.9.0/Middlewares/Third_Party/LwIP/src/core/dhcp.o
LOAD STM32Cube_FW_F4_V1.9.0/Middlewares/Third_Party/LwIP/src/core/dns.o
LOAD STM32Cube_FW_F4_V1.9.0/Middlewares/Third_Party/LwIP/src/core/init.o
LOAD STM32Cube_FW_F4_V1.9.0/Middlewares/Third_Party/LwIP/src/core/lwip_timers.o
LOAD STM32Cube_FW_F4_V1.9.0/Middlewares/Third_Party/LwIP/src/core/mem.o
LOAD STM32Cube_FW_F4_V1.9.0/Middlewares/Third_Party/LwIP/src/core/memp.o
LOAD STM32Cube_FW_F4_V1.9.0/Middlewares/Third_Party/LwIP/src/core/netif.o
LOAD STM32Cube_FW_F4_V1.9.0/Middlewares/Third_Party/LwIP/src/core/pbuf.o
LOAD STM32Cube_FW_F4_V1.9.0/Middlewares/Third_Party/LwIP/src/core/raw.o
LOAD STM32Cube_FW_F4_V1.9.0/Middlewares/Third_Party/LwIP/src/core/stats.o
LOAD STM32Cube_FW_F4_V1.9.0/Middlewares/Third_Party/LwIP/src/core/sys.o
LOAD STM32Cube_FW_F4_V1.9.0/Middlewares/Third_Party/LwIP/src/core/tcp.o
LOAD STM32Cube_FW_F4_V1.9.0/Middlewares/Third_Party/LwIP/src/core/tcp_in.o
LOAD STM32Cube_FW_F4_V1.9.0/Middlewares/Third_Party/LwIP/src/core/tcp_out.o
LOAD STM32Cube_FW_F4_V1.9.0/Middlewares/Third_Party/LwIP/src/core/udp.o
LOAD STM32Cube_FW_F4_V1.9.0/Middlewares/Third_Party/LwIP/src/core/snmp/asn1_dec.o
LOAD STM32Cube_FW_F4_V1.9.0/Middlewares/Third_Party/LwIP/src/core/snmp/asn1_enc.o
LOAD STM32Cube_FW_F4_V1.9.0/Middlewares/Third_Party/LwIP/src/core/snmp/mib2.o
LOAD STM32Cube_FW_F4_V1.9.0/Middlewares/Third_Party/LwIP/src/core/snmp/mib_structs.o
LOAD STM32Cube_FW_F4_V1.9.0/Middlewares/Third_Party/LwIP/src/core/snmp/msg_in.o
LOAD STM32Cube_FW_F4_V1.9.0/Middlewares/Third_Party/LwIP/src/core/snmp/msg_out.o
LOAD STM32Cube_FW_F4_V1.9.0/Middlewares/Third_Party/LwIP/src/core/ipv4/autoip.o
LOAD STM32Cube_FW_F4_V1.9.0/Middlewares/Third_Party/LwIP/src/core/ipv4/icmp.o
LOAD STM32Cube_FW_F4_V1.9.0/Middlewares/Third_Party/LwIP/src/core/ipv4/igmp.o
LOAD STM32Cube_FW_F4_V1.9.0/Middlewares/Third_Party/LwIP/src/core/ipv4/inet.o
LOAD STM32Cube_FW_F4_V1.9.0/Middlewares/Third_Party/LwIP/src/core/ipv4/inet_chksum.o
LOAD STM32Cube_FW_F4_V1.9.0/Middlewares/Third_Party/LwIP/src/core/ipv4/ip.o
LOAD STM32Cube_FW_F4_V1.9.0/Middlewares/Third_Party/LwIP/src/core/ipv4/ip_addr.o
LOAD STM32Cube_FW_F4_V1.9.0/Middlewares/Third_Party/LwIP/src/core/ipv4/ip_frag.o
LOAD /tmp/ccbGQXn5.o
LOAD /home/lukeinator/Documents/gcc-arm-none-eabi-5_2-2015q4/bin/../lib/gcc/arm-none-eabi/5.2.1/../../../../arm-none-eabi/lib/armv7e-m/softfp/libstdc++_nano.a
LOAD /home/lukeinator/Documents/gcc-arm-none-eabi-5_2-2015q4/bin/../lib/gcc/arm-none-eabi/5.2.1/../../../../arm-none-eabi/lib/armv7e-m/softfp/libsupc++_nano.a
LOAD /home/lukeinator/Documents/gcc-arm-none-eabi-5_2-2015q4/bin/../lib/gcc/arm-none-eabi/5.2.1/../../../../arm-none-eabi/lib/armv7e-m/softfp/libm.a
LOAD /home/lukeinator/Documents/gcc-arm-none-eabi-5_2-2015q4/bin/../lib/gcc/arm-none-eabi/5.2.1/../../../../arm-none-eabi/lib/armv7e-m/softfp/libc_nano.a
LOAD /home/lukeinator/Documents/gcc-arm-none-eabi-5_2-2015q4/bin/../lib/gcc/arm-none-eabi/5.2.1/armv7e-m/softfp/libgcc.a
LOAD /home/lukeinator/Documents/gcc-arm-none-eabi-5_2-2015q4/bin/../lib/gcc/arm-none-eabi/5.2.1/../../../../arm-none-eabi/lib/armv7e-m/softfp/libnosys.a
LOAD /home/lukeinator/Documents/gcc-arm-none-eabi-5_2-2015q4/bin/../lib/gcc/arm-none-eabi/5.2.1/../../../../arm-none-eabi/lib/armv7e-m/softfp/libstdc++_nano.a
LOAD /home/lukeinator/Documents/gcc-arm-none-eabi-5_2-2015q4/bin/../lib/gcc/arm-none-eabi/5.2.1/../../../../arm-none-eabi/lib/armv7e-m/softfp/libsupc++_nano.a
LOAD /home/lukeinator/Documents/gcc-arm-none-eabi-5_2-2015q4/bin/../lib/gcc/arm-none-eabi/5.2.1/../../../../arm-none-eabi/lib/armv7e-m/softfp/libm.a
LOAD /home/lukeinator/Documents/gcc-arm-none-eabi-5_2-2015q4/bin/../lib/gcc/arm-none-eabi/5.2.1/../../../../arm-none-eabi/lib/armv7e-m/softfp/libc_nano.a
LOAD /home/lukeinator/Documents/gcc-arm-none-eabi-5_2-2015q4/bin/../lib/gcc/arm-none-eabi/5.2.1/armv7e-m/softfp/libgcc.a
LOAD /home/lukeinator/Documents/gcc-arm-none-eabi-5_2-2015q4/bin/../lib/gcc/arm-none-eabi/5.2.1/../../../../arm-none-eabi/lib/armv7e-m/softfp/libnosys.a
START GROUP
LOAD /home/lukeinator/Documents/gcc-arm-none-eabi-5_2-2015q4/bin/../lib/gcc/arm-none-eabi/5.2.1/armv7e-m/softfp/libgcc.a
LOAD /home/lukeinator/Documents/gcc-arm-none-eabi-5_2-2015q4/bin/../lib/gcc/arm-none-eabi/5.2.1/../../../../arm-none-eabi/lib/armv7e-m/softfp/libc_nano.a
END GROUP
START GROUP
LOAD /home/lukeinator/Documents/gcc-arm-none-eabi-5_2-2015q4/bin/../lib/gcc/arm-none-eabi/5.2.1/armv7e-m/softfp/libgcc.a
LOAD /home/lukeinator/Documents/gcc-arm-none-eabi-5_2-2015q4/bin/../lib/gcc/arm-none-eabi/5.2.1/../../../../arm-none-eabi/lib/armv7e-m/softfp/libc_nano.a
END GROUP
LOAD /home/lukeinator/Documents/gcc-arm-none-eabi-5_2-2015q4/bin/../lib/gcc/arm-none-eabi/5.2.1/armv7e-m/softfp/crtend.o
LOAD /home/lukeinator/Documents/gcc-arm-none-eabi-5_2-2015q4/bin/../lib/gcc/arm-none-eabi/5.2.1/armv7e-m/softfp/crtn.o

.text           0x08000000     0x6adc
 *(.isr_vector)
 .isr_vector    0x08000000      0x188 STM32Cube_FW_F4_V1.9.0/Drivers/CMSIS/Device/ST/STM32F4xx/Source/Templates/gcc/startup_stm32f407xx.o
                0x08000000                g_pfnVectors
 *(.text*)
 .text          0x08000188       0xa4 /home/lukeinator/Documents/gcc-arm-none-eabi-5_2-2015q4/bin/../lib/gcc/arm-none-eabi/5.2.1/armv7e-m/softfp/crtbegin.o
 .text.startup.main
                0x0800022c       0x40 main.o
                0x0800022c                main
 .text.HAL_CAN_RxCpltCallback
                0x0800026c        0x6 main.o
                0x0800026c                HAL_CAN_RxCpltCallback
 .text.HAL_UART_TxCpltCallback
                0x08000272        0x6 main.o
                0x08000272                HAL_UART_TxCpltCallback
 .text.HAL_UART_RxCpltCallback
                0x08000278       0x20 main.o
                0x08000278                HAL_UART_RxCpltCallback
 .text.NMI_Handler
                0x08000298        0x2 src/stm32f4xx_it.o
                0x08000298                NMI_Handler
 *fill*         0x0800029a        0x2 
 .text.UsageFault_Handler
                0x0800029c       0x1c src/stm32f4xx_it.o
                0x0800029c                UsageFault_Handler
 .text.BusFault_Handler
                0x080002b8        0x6 src/stm32f4xx_it.o
                0x080002b8                BusFault_Handler
 .text.MemManage_Handler
                0x080002be        0x6 src/stm32f4xx_it.o
                0x080002be                MemManage_Handler
 .text.HardFault_Handler
                0x080002c4        0x6 src/stm32f4xx_it.o
                0x080002c4                HardFault_Handler
 *fill*         0x080002ca        0x2 
 .text.SVC_Handler
                0x080002cc       0x1c src/stm32f4xx_it.o
                0x080002cc                SVC_Handler
 .text.DebugMon_Handler
                0x080002e8        0x2 src/stm32f4xx_it.o
                0x080002e8                DebugMon_Handler
 .text.PendSV_Handler
                0x080002ea        0x2 src/stm32f4xx_it.o
                0x080002ea                PendSV_Handler
 .text.SysTick_Handler
                0x080002ec        0x4 src/stm32f4xx_it.o
                0x080002ec                SysTick_Handler
 .text.DMA1_Stream0_IRQHandler
                0x080002f0        0xc src/stm32f4xx_it.o
                0x080002f0                DMA1_Stream0_IRQHandler
 .text.DMA1_Stream6_IRQHandler
                0x080002fc        0xc src/stm32f4xx_it.o
                0x080002fc                DMA1_Stream6_IRQHandler
 .text.CAN2_RX1_IRQHandler
                0x08000308        0xc src/stm32f4xx_it.o
                0x08000308                CAN2_RX1_IRQHandler
 .text.CAN2_RX0_IRQHandler
                0x08000314        0x4 src/stm32f4xx_it.o
                0x08000314                CAN2_RX0_IRQHandler
 .text.DMA1_Stream1_IRQHandler
                0x08000318        0xc src/stm32f4xx_it.o
                0x08000318                DMA1_Stream1_IRQHandler
 .text.DMA1_Stream3_IRQHandler
                0x08000324        0xc src/stm32f4xx_it.o
                0x08000324                DMA1_Stream3_IRQHandler
 .text.USART3_IRQHandler
                0x08000330        0xc src/stm32f4xx_it.o
                0x08000330                USART3_IRQHandler
 .text._Z19MX_USART3_UART_Initv
                0x0800033c       0x28 src/init.o
                0x0800033c                MX_USART3_UART_Init()
 .text.HAL_UART_MspInit
                0x08000364       0xc8 src/init.o
                0x08000364                HAL_UART_MspInit
 .text._Z7initPwmv
                0x0800042c       0x9c src/init.o
                0x0800042c                initPwm()
 .text._Z7initI2Cv
                0x080004c8       0xd8 src/init.o
                0x080004c8                initI2C()
 .text._Z11MX_DMA_Initv
                0x080005a0       0x70 src/init.o
                0x080005a0                MX_DMA_Init()
 .text._Z7initCanv
                0x08000610       0xe8 src/init.o
                0x08000610                initCan()
 .text.HAL_MspInit
                0x080006f8       0x18 src/init.o
                0x080006f8                HAL_MspInit
 .text._Z13initDebugLedsv
                0x08000710       0x78 src/init.o
                0x08000710                initDebugLeds()
 .text._Z9LedTogglei
                0x08000788       0x30 src/init.o
                0x08000788                LedToggle(int)
 .text._Z18SystemClock_Configv
                0x080007b8       0x70 src/init.o
                0x080007b8                SystemClock_Config()
 .text._Z14initEverythingv
                0x08000828       0xc4 src/init.o
                0x08000828                initEverything()
 .text.HAL_CAN_MspInit
                0x080008ec       0x7c src/init.o
                0x080008ec                HAL_CAN_MspInit
 .text.HAL_InitTick
                0x08000968       0x24 STM32Cube_FW_F4_V1.9.0/Drivers/STM32F4xx_HAL_Driver/Src/stm32f4xx_hal.o
                0x08000968                HAL_InitTick
 .text.HAL_Init
                0x0800098c       0x34 STM32Cube_FW_F4_V1.9.0/Drivers/STM32F4xx_HAL_Driver/Src/stm32f4xx_hal.o
                0x0800098c                HAL_Init
 .text.HAL_IncTick
                0x080009c0       0x10 STM32Cube_FW_F4_V1.9.0/Drivers/STM32F4xx_HAL_Driver/Src/stm32f4xx_hal.o
                0x080009c0                HAL_IncTick
 .text.HAL_GetTick
                0x080009d0        0xc STM32Cube_FW_F4_V1.9.0/Drivers/STM32F4xx_HAL_Driver/Src/stm32f4xx_hal.o
                0x080009d0                HAL_GetTick
 .text.HAL_Delay
                0x080009dc       0x1a STM32Cube_FW_F4_V1.9.0/Drivers/STM32F4xx_HAL_Driver/Src/stm32f4xx_hal.o
                0x080009dc                HAL_Delay
 *fill*         0x080009f6        0x2 
 .text.HAL_CAN_ConfigFilter
                0x080009f8       0xf0 STM32Cube_FW_F4_V1.9.0/Drivers/STM32F4xx_HAL_Driver/Src/stm32f4xx_hal_can.o
                0x080009f8                HAL_CAN_ConfigFilter
 .text.HAL_CAN_Init
                0x08000ae8      0x12c STM32Cube_FW_F4_V1.9.0/Drivers/STM32F4xx_HAL_Driver/Src/stm32f4xx_hal_can.o
                0x08000ae8                HAL_CAN_Init
 .text.HAL_CAN_Transmit
                0x08000c14      0x164 STM32Cube_FW_F4_V1.9.0/Drivers/STM32F4xx_HAL_Driver/Src/stm32f4xx_hal_can.o
                0x08000c14                HAL_CAN_Transmit
 .text.HAL_CAN_Receive_IT
                0x08000d78       0x7e STM32Cube_FW_F4_V1.9.0/Drivers/STM32F4xx_HAL_Driver/Src/stm32f4xx_hal_can.o
                0x08000d78                HAL_CAN_Receive_IT
 .text.HAL_CAN_TxCpltCallback
                0x08000df6        0x2 STM32Cube_FW_F4_V1.9.0/Drivers/STM32F4xx_HAL_Driver/Src/stm32f4xx_hal_can.o
                0x08000df6                HAL_CAN_TxCpltCallback
 .text.CAN_Receive_IT
                0x08000df8      0x124 STM32Cube_FW_F4_V1.9.0/Drivers/STM32F4xx_HAL_Driver/Src/stm32f4xx_hal_can.o
 .text.HAL_CAN_ErrorCallback
                0x08000f1c        0x2 STM32Cube_FW_F4_V1.9.0/Drivers/STM32F4xx_HAL_Driver/Src/stm32f4xx_hal_can.o
                0x08000f1c                HAL_CAN_ErrorCallback
 *fill*         0x08000f1e        0x2 
 .text.HAL_CAN_IRQHandler
                0x08000f20      0x19c STM32Cube_FW_F4_V1.9.0/Drivers/STM32F4xx_HAL_Driver/Src/stm32f4xx_hal_can.o
                0x08000f20                HAL_CAN_IRQHandler
 .text.UART_SetConfig
                0x080010bc      0x148 STM32Cube_FW_F4_V1.9.0/Drivers/STM32F4xx_HAL_Driver/Src/stm32f4xx_hal_uart.o
 .text.HAL_UART_Init
                0x08001204       0x58 STM32Cube_FW_F4_V1.9.0/Drivers/STM32F4xx_HAL_Driver/Src/stm32f4xx_hal_uart.o
                0x08001204                HAL_UART_Init
 .text.HAL_UART_Receive_DMA
                0x0800125c       0x80 STM32Cube_FW_F4_V1.9.0/Drivers/STM32F4xx_HAL_Driver/Src/stm32f4xx_hal_uart.o
                0x0800125c                HAL_UART_Receive_DMA
 .text.UART_DMAReceiveCplt
                0x080012dc       0x32 STM32Cube_FW_F4_V1.9.0/Drivers/STM32F4xx_HAL_Driver/Src/stm32f4xx_hal_uart.o
 .text.HAL_UART_RxHalfCpltCallback
                0x0800130e        0x2 STM32Cube_FW_F4_V1.9.0/Drivers/STM32F4xx_HAL_Driver/Src/stm32f4xx_hal_uart.o
                0x0800130e                HAL_UART_RxHalfCpltCallback
 .text.UART_DMARxHalfCplt
                0x08001310        0xa STM32Cube_FW_F4_V1.9.0/Drivers/STM32F4xx_HAL_Driver/Src/stm32f4xx_hal_uart.o
 .text.HAL_UART_ErrorCallback
                0x0800131a        0x2 STM32Cube_FW_F4_V1.9.0/Drivers/STM32F4xx_HAL_Driver/Src/stm32f4xx_hal_uart.o
                0x0800131a                HAL_UART_ErrorCallback
 .text.UART_DMAError
                0x0800131c       0x1e STM32Cube_FW_F4_V1.9.0/Drivers/STM32F4xx_HAL_Driver/Src/stm32f4xx_hal_uart.o
 .text.HAL_UART_IRQHandler
                0x0800133a      0x1b8 STM32Cube_FW_F4_V1.9.0/Drivers/STM32F4xx_HAL_Driver/Src/stm32f4xx_hal_uart.o
                0x0800133a                HAL_UART_IRQHandler
 *fill*         0x080014f2        0x2 
 .text.HAL_NVIC_SetPriorityGrouping
                0x080014f4       0x24 STM32Cube_FW_F4_V1.9.0/Drivers/STM32F4xx_HAL_Driver/Src/stm32f4xx_hal_cortex.o
                0x080014f4                HAL_NVIC_SetPriorityGrouping
 .text.HAL_NVIC_SetPriority
                0x08001518       0x60 STM32Cube_FW_F4_V1.9.0/Drivers/STM32F4xx_HAL_Driver/Src/stm32f4xx_hal_cortex.o
                0x08001518                HAL_NVIC_SetPriority
 .text.HAL_NVIC_EnableIRQ
                0x08001578       0x18 STM32Cube_FW_F4_V1.9.0/Drivers/STM32F4xx_HAL_Driver/Src/stm32f4xx_hal_cortex.o
                0x08001578                HAL_NVIC_EnableIRQ
 .text.HAL_SYSTICK_Config
                0x08001590       0x2c STM32Cube_FW_F4_V1.9.0/Drivers/STM32F4xx_HAL_Driver/Src/stm32f4xx_hal_cortex.o
                0x08001590                HAL_SYSTICK_Config
 .text.HAL_SYSTICK_CLKSourceConfig
                0x080015bc       0x18 STM32Cube_FW_F4_V1.9.0/Drivers/STM32F4xx_HAL_Driver/Src/stm32f4xx_hal_cortex.o
                0x080015bc                HAL_SYSTICK_CLKSourceConfig
 .text.HAL_GPIO_Init
                0x080015d4      0x1c8 STM32Cube_FW_F4_V1.9.0/Drivers/STM32F4xx_HAL_Driver/Src/stm32f4xx_hal_gpio.o
                0x080015d4                HAL_GPIO_Init
 .text.HAL_GPIO_TogglePin
                0x0800179c        0x8 STM32Cube_FW_F4_V1.9.0/Drivers/STM32F4xx_HAL_Driver/Src/stm32f4xx_hal_gpio.o
                0x0800179c                HAL_GPIO_TogglePin
 .text.HAL_RCC_OscConfig
                0x080017a4      0x310 STM32Cube_FW_F4_V1.9.0/Drivers/STM32F4xx_HAL_Driver/Src/stm32f4xx_hal_rcc.o
                0x080017a4                HAL_RCC_OscConfig
 .text.HAL_RCC_GetSysClockFreq
                0x08001ab4       0x80 STM32Cube_FW_F4_V1.9.0/Drivers/STM32F4xx_HAL_Driver/Src/stm32f4xx_hal_rcc.o
                0x08001ab4                HAL_RCC_GetSysClockFreq
 .text.HAL_RCC_GetHCLKFreq
                0x08001b34       0x34 STM32Cube_FW_F4_V1.9.0/Drivers/STM32F4xx_HAL_Driver/Src/stm32f4xx_hal_rcc.o
                0x08001b34                HAL_RCC_GetHCLKFreq
 .text.HAL_RCC_GetPCLK1Freq
                0x08001b68       0x2c STM32Cube_FW_F4_V1.9.0/Drivers/STM32F4xx_HAL_Driver/Src/stm32f4xx_hal_rcc.o
                0x08001b68                HAL_RCC_GetPCLK1Freq
 .text.HAL_RCC_GetPCLK2Freq
                0x08001b94       0x2c STM32Cube_FW_F4_V1.9.0/Drivers/STM32F4xx_HAL_Driver/Src/stm32f4xx_hal_rcc.o
                0x08001b94                HAL_RCC_GetPCLK2Freq
 .text.DMA_CalcBaseAndBitshift
                0x08001bc0       0x2c STM32Cube_FW_F4_V1.9.0/Drivers/STM32F4xx_HAL_Driver/Src/stm32f4xx_hal_dma.o
 .text.HAL_DMA_Init
                0x08001bec       0x74 STM32Cube_FW_F4_V1.9.0/Drivers/STM32F4xx_HAL_Driver/Src/stm32f4xx_hal_dma.o
                0x08001bec                HAL_DMA_Init
 .text.HAL_DMA_Start_IT
                0x08001c60       0x5a STM32Cube_FW_F4_V1.9.0/Drivers/STM32F4xx_HAL_Driver/Src/stm32f4xx_hal_dma.o
                0x08001c60                HAL_DMA_Start_IT
 *fill*         0x08001cba        0x2 
 .text.HAL_DMA_IRQHandler
                0x08001cbc      0x160 STM32Cube_FW_F4_V1.9.0/Drivers/STM32F4xx_HAL_Driver/Src/stm32f4xx_hal_dma.o
                0x08001cbc                HAL_DMA_IRQHandler
 .text.HAL_I2C_MspInit
                0x08001e1c        0x2 STM32Cube_FW_F4_V1.9.0/Drivers/STM32F4xx_HAL_Driver/Src/stm32f4xx_hal_i2c.o
                0x08001e1c                HAL_I2C_MspInit
 *fill*         0x08001e1e        0x2 
 .text.HAL_I2C_Init
                0x08001e20       0xd8 STM32Cube_FW_F4_V1.9.0/Drivers/STM32F4xx_HAL_Driver/Src/stm32f4xx_hal_i2c.o
                0x08001e20                HAL_I2C_Init
 .text.TIM_OC1_SetConfig
                0x08001ef8       0x58 STM32Cube_FW_F4_V1.9.0/Drivers/STM32F4xx_HAL_Driver/Src/stm32f4xx_hal_tim.o
 .text.TIM_OC3_SetConfig
                0x08001f50       0x60 STM32Cube_FW_F4_V1.9.0/Drivers/STM32F4xx_HAL_Driver/Src/stm32f4xx_hal_tim.o
 .text.TIM_OC4_SetConfig
                0x08001fb0       0x50 STM32Cube_FW_F4_V1.9.0/Drivers/STM32F4xx_HAL_Driver/Src/stm32f4xx_hal_tim.o
 .text.HAL_TIM_PWM_MspInit
                0x08002000        0x2 STM32Cube_FW_F4_V1.9.0/Drivers/STM32F4xx_HAL_Driver/Src/stm32f4xx_hal_tim.o
                0x08002000                HAL_TIM_PWM_MspInit
 *fill*         0x08002002        0x2 
 .text.TIM_Base_SetConfig
                0x08002004       0xc8 STM32Cube_FW_F4_V1.9.0/Drivers/STM32F4xx_HAL_Driver/Src/stm32f4xx_hal_tim.o
                0x08002004                TIM_Base_SetConfig
 .text.HAL_TIM_PWM_Init
                0x080020cc       0x34 STM32Cube_FW_F4_V1.9.0/Drivers/STM32F4xx_HAL_Driver/Src/stm32f4xx_hal_tim.o
                0x080020cc                HAL_TIM_PWM_Init
 .text.TIM_OC2_SetConfig
                0x08002100       0x64 STM32Cube_FW_F4_V1.9.0/Drivers/STM32F4xx_HAL_Driver/Src/stm32f4xx_hal_tim.o
                0x08002100                TIM_OC2_SetConfig
 .text.HAL_TIM_PWM_ConfigChannel
                0x08002164       0xc6 STM32Cube_FW_F4_V1.9.0/Drivers/STM32F4xx_HAL_Driver/Src/stm32f4xx_hal_tim.o
                0x08002164                HAL_TIM_PWM_ConfigChannel
 .text.TIM_CCxChannelCmd
                0x0800222a       0x18 STM32Cube_FW_F4_V1.9.0/Drivers/STM32F4xx_HAL_Driver/Src/stm32f4xx_hal_tim.o
                0x0800222a                TIM_CCxChannelCmd
 *fill*         0x08002242        0x2 
 .text.HAL_TIM_PWM_Start
                0x08002244       0x34 STM32Cube_FW_F4_V1.9.0/Drivers/STM32F4xx_HAL_Driver/Src/stm32f4xx_hal_tim.o
                0x08002244                HAL_TIM_PWM_Start
 .text.SystemInit
                0x08002278       0x4c STM32Cube_FW_F4_V1.9.0/Drivers/CMSIS/Device/ST/STM32F4xx/Source/Templates/system_stm32f4xx.o
                0x08002278                SystemInit
 .text.Reset_Handler
                0x080022c4       0x50 STM32Cube_FW_F4_V1.9.0/Drivers/CMSIS/Device/ST/STM32F4xx/Source/Templates/gcc/startup_stm32f407xx.o
                0x080022c4                Reset_Handler
 .text.Default_Handler
                0x08002314        0x2 STM32Cube_FW_F4_V1.9.0/Drivers/CMSIS/Device/ST/STM32F4xx/Source/Templates/gcc/startup_stm32f407xx.o
                0x08002314                RTC_Alarm_IRQHandler
                0x08002314                HASH_RNG_IRQHandler
                0x08002314                EXTI2_IRQHandler
                0x08002314                TIM8_CC_IRQHandler
                0x08002314                TIM1_CC_IRQHandler
                0x08002314                DMA2_Stream5_IRQHandler
                0x08002314                DMA1_Stream5_IRQHandler
                0x08002314                PVD_IRQHandler
                0x08002314                SDIO_IRQHandler
                0x08002314                TAMP_STAMP_IRQHandler
                0x08002314                EXTI3_IRQHandler
                0x08002314                TIM8_TRG_COM_TIM14_IRQHandler
                0x08002314                TIM1_UP_TIM10_IRQHandler
                0x08002314                TIM8_UP_TIM13_IRQHandler
                0x08002314                I2C3_ER_IRQHandler
                0x08002314                EXTI0_IRQHandler
                0x08002314                I2C2_EV_IRQHandler
                0x08002314                DMA1_Stream2_IRQHandler
                0x08002314                CAN1_RX0_IRQHandler
                0x08002314                FPU_IRQHandler
                0x08002314                OTG_HS_WKUP_IRQHandler
                0x08002314                CAN2_SCE_IRQHandler
                0x08002314                DMA2_Stream2_IRQHandler
                0x08002314                SPI1_IRQHandler
                0x08002314                TIM6_DAC_IRQHandler
                0x08002314                TIM1_BRK_TIM9_IRQHandler
                0x08002314                DCMI_IRQHandler
                0x08002314                DMA2_Stream3_IRQHandler
                0x08002314                USART6_IRQHandler
                0x08002314                CAN1_RX1_IRQHandler
                0x08002314                UART5_IRQHandler
                0x08002314                DMA2_Stream0_IRQHandler
                0x08002314                TIM4_IRQHandler
                0x08002314                I2C1_EV_IRQHandler
                0x08002314                UART4_IRQHandler
                0x08002314                TIM3_IRQHandler
                0x08002314                RCC_IRQHandler
                0x08002314                TIM8_BRK_TIM12_IRQHandler
                0x08002314                Default_Handler
                0x08002314                EXTI15_10_IRQHandler
                0x08002314                ADC_IRQHandler
                0x08002314                DMA1_Stream7_IRQHandler
                0x08002314                TIM7_IRQHandler
                0x08002314                CAN2_TX_IRQHandler
                0x08002314                TIM5_IRQHandler
                0x08002314                DMA2_Stream7_IRQHandler
                0x08002314                I2C3_EV_IRQHandler
                0x08002314                EXTI9_5_IRQHandler
                0x08002314                RTC_WKUP_IRQHandler
                0x08002314                ETH_WKUP_IRQHandler
                0x08002314                SPI2_IRQHandler
                0x08002314                OTG_HS_EP1_IN_IRQHandler
                0x08002314                CAN1_TX_IRQHandler
                0x08002314                EXTI4_IRQHandler
                0x08002314                FSMC_IRQHandler
                0x08002314                ETH_IRQHandler
                0x08002314                OTG_HS_EP1_OUT_IRQHandler
                0x08002314                WWDG_IRQHandler
                0x08002314                TIM2_IRQHandler
                0x08002314                OTG_FS_WKUP_IRQHandler
                0x08002314                TIM1_TRG_COM_TIM11_IRQHandler
                0x08002314                OTG_HS_IRQHandler
                0x08002314                EXTI1_IRQHandler
                0x08002314                USART2_IRQHandler
                0x08002314                I2C2_ER_IRQHandler
                0x08002314                DMA2_Stream1_IRQHandler
                0x08002314                CAN1_SCE_IRQHandler
                0x08002314                FLASH_IRQHandler
                0x08002314                DMA2_Stream4_IRQHandler
                0x08002314                USART1_IRQHandler
                0x08002314                OTG_FS_IRQHandler
                0x08002314                SPI3_IRQHandler
                0x08002314                DMA1_Stream4_IRQHandler
                0x08002314                I2C1_ER_IRQHandler
                0x08002314                DMA2_Stream6_IRQHandler
 *fill*         0x08002316        0x2 
 .text.__fpclassifyd
                0x08002318       0x58 /home/lukeinator/Documents/gcc-arm-none-eabi-5_2-2015q4/bin/../lib/gcc/arm-none-eabi/5.2.1/../../../../arm-none-eabi/lib/armv7e-m/softfp/libm.a(lib_a-s_fpclassify.o)
                0x08002318                __fpclassifyd
 .text.__libc_init_array
                0x08002370       0x4c /home/lukeinator/Documents/gcc-arm-none-eabi-5_2-2015q4/bin/../lib/gcc/arm-none-eabi/5.2.1/../../../../arm-none-eabi/lib/armv7e-m/softfp/libc_nano.a(lib_a-init.o)
                0x08002370                __libc_init_array
 .text.memcpy   0x080023bc       0x16 /home/lukeinator/Documents/gcc-arm-none-eabi-5_2-2015q4/bin/../lib/gcc/arm-none-eabi/5.2.1/../../../../arm-none-eabi/lib/armv7e-m/softfp/libc_nano.a(lib_a-memcpy-stub.o)
                0x080023bc                memcpy
 .text.memset   0x080023d2       0x10 /home/lukeinator/Documents/gcc-arm-none-eabi-5_2-2015q4/bin/../lib/gcc/arm-none-eabi/5.2.1/../../../../arm-none-eabi/lib/armv7e-m/softfp/libc_nano.a(lib_a-memset.o)
                0x080023d2                memset
 .text.__cvt    0x080023e2       0xc2 /home/lukeinator/Documents/gcc-arm-none-eabi-5_2-2015q4/bin/../lib/gcc/arm-none-eabi/5.2.1/../../../../arm-none-eabi/lib/armv7e-m/softfp/libc_nano.a(lib_a-nano-vfprintf_float.o)
                0x080023e2                __cvt
 .text.__exponent
                0x080024a4       0x60 /home/lukeinator/Documents/gcc-arm-none-eabi-5_2-2015q4/bin/../lib/gcc/arm-none-eabi/5.2.1/../../../../arm-none-eabi/lib/armv7e-m/softfp/libc_nano.a(lib_a-nano-vfprintf_float.o)
                0x080024a4                __exponent
 .text._printf_float
                0x08002504      0x46c /home/lukeinator/Documents/gcc-arm-none-eabi-5_2-2015q4/bin/../lib/gcc/arm-none-eabi/5.2.1/../../../../arm-none-eabi/lib/armv7e-m/softfp/libc_nano.a(lib_a-nano-vfprintf_float.o)
                0x08002504                _printf_float
 .text._printf_common
                0x08002970       0xec /home/lukeinator/Documents/gcc-arm-none-eabi-5_2-2015q4/bin/../lib/gcc/arm-none-eabi/5.2.1/../../../../arm-none-eabi/lib/armv7e-m/softfp/libc_nano.a(lib_a-nano-vfprintf_i.o)
                0x08002970                _printf_common
 .text._printf_i
                0x08002a5c      0x24c /home/lukeinator/Documents/gcc-arm-none-eabi-5_2-2015q4/bin/../lib/gcc/arm-none-eabi/5.2.1/../../../../arm-none-eabi/lib/armv7e-m/softfp/libc_nano.a(lib_a-nano-vfprintf_i.o)
                0x08002a5c                _printf_i
 .text._scanf_float
                0x08002ca8      0x3b4 /home/lukeinator/Documents/gcc-arm-none-eabi-5_2-2015q4/bin/../lib/gcc/arm-none-eabi/5.2.1/../../../../arm-none-eabi/lib/armv7e-m/softfp/libc_nano.a(lib_a-nano-vfscanf_float.o)
                0x08002ca8                _scanf_float
 .text.nanf     0x0800305c        0x8 /home/lukeinator/Documents/gcc-arm-none-eabi-5_2-2015q4/bin/../lib/gcc/arm-none-eabi/5.2.1/../../../../arm-none-eabi/lib/armv7e-m/softfp/libc_nano.a(lib_a-sf_nan.o)
                0x0800305c                nanf
 .text.sprintf  0x08003064       0x48 /home/lukeinator/Documents/gcc-arm-none-eabi-5_2-2015q4/bin/../lib/gcc/arm-none-eabi/5.2.1/../../../../arm-none-eabi/lib/armv7e-m/softfp/libc_nano.a(lib_a-sprintf.o)
                0x08003064                sprintf
                0x08003064                siprintf
 .text          0x080030ac       0x10 /home/lukeinator/Documents/gcc-arm-none-eabi-5_2-2015q4/bin/../lib/gcc/arm-none-eabi/5.2.1/../../../../arm-none-eabi/lib/armv7e-m/softfp/libc_nano.a(lib_a-strlen.o)
                0x080030ac                strlen
 .text.sulp     0x080030bc       0x42 /home/lukeinator/Documents/gcc-arm-none-eabi-5_2-2015q4/bin/../lib/gcc/arm-none-eabi/5.2.1/../../../../arm-none-eabi/lib/armv7e-m/softfp/libc_nano.a(lib_a-strtod.o)
 *fill*         0x080030fe        0x2 
 .text._strtod_r
                0x08003100      0xbf8 /home/lukeinator/Documents/gcc-arm-none-eabi-5_2-2015q4/bin/../lib/gcc/arm-none-eabi/5.2.1/../../../../arm-none-eabi/lib/armv7e-m/softfp/libc_nano.a(lib_a-strtod.o)
                0x08003100                _strtod_r
 .text._strtol_r
                0x08003cf8      0x10c /home/lukeinator/Documents/gcc-arm-none-eabi-5_2-2015q4/bin/../lib/gcc/arm-none-eabi/5.2.1/../../../../arm-none-eabi/lib/armv7e-m/softfp/libc_nano.a(lib_a-strtol.o)
                0x08003cf8                _strtol_r
 .text.quorem   0x08003e04      0x11e /home/lukeinator/Documents/gcc-arm-none-eabi-5_2-2015q4/bin/../lib/gcc/arm-none-eabi/5.2.1/../../../../arm-none-eabi/lib/armv7e-m/softfp/libc_nano.a(lib_a-dtoa.o)
 *fill*         0x08003f22        0x6 
 .text._dtoa_r  0x08003f28      0xb38 /home/lukeinator/Documents/gcc-arm-none-eabi-5_2-2015q4/bin/../lib/gcc/arm-none-eabi/5.2.1/../../../../arm-none-eabi/lib/armv7e-m/softfp/libc_nano.a(lib_a-dtoa.o)
                0x08003f28                _dtoa_r
 .text.rshift   0x08004a60       0x6c /home/lukeinator/Documents/gcc-arm-none-eabi-5_2-2015q4/bin/../lib/gcc/arm-none-eabi/5.2.1/../../../../arm-none-eabi/lib/armv7e-m/softfp/libc_nano.a(lib_a-gdtoa-gethex.o)
 .text.__hexdig_fun
                0x08004acc       0x2a /home/lukeinator/Documents/gcc-arm-none-eabi-5_2-2015q4/bin/../lib/gcc/arm-none-eabi/5.2.1/../../../../arm-none-eabi/lib/armv7e-m/softfp/libc_nano.a(lib_a-gdtoa-gethex.o)
                0x08004acc                __hexdig_fun
 .text.__gethex
                0x08004af6      0x43e /home/lukeinator/Documents/gcc-arm-none-eabi-5_2-2015q4/bin/../lib/gcc/arm-none-eabi/5.2.1/../../../../arm-none-eabi/lib/armv7e-m/softfp/libc_nano.a(lib_a-gdtoa-gethex.o)
                0x08004af6                __gethex
 .text.L_shift  0x08004f34       0x24 /home/lukeinator/Documents/gcc-arm-none-eabi-5_2-2015q4/bin/../lib/gcc/arm-none-eabi/5.2.1/../../../../arm-none-eabi/lib/armv7e-m/softfp/libc_nano.a(lib_a-gdtoa-hexnan.o)
 .text.__match  0x08004f58       0x26 /home/lukeinator/Documents/gcc-arm-none-eabi-5_2-2015q4/bin/../lib/gcc/arm-none-eabi/5.2.1/../../../../arm-none-eabi/lib/armv7e-m/softfp/libc_nano.a(lib_a-gdtoa-hexnan.o)
                0x08004f58                __match
 .text.__hexnan
                0x08004f7e      0x11c /home/lukeinator/Documents/gcc-arm-none-eabi-5_2-2015q4/bin/../lib/gcc/arm-none-eabi/5.2.1/../../../../arm-none-eabi/lib/armv7e-m/softfp/libc_nano.a(lib_a-gdtoa-hexnan.o)
                0x08004f7e                __hexnan
 *fill*         0x0800509a        0x2 
 .text._localeconv_r
                0x0800509c        0x8 /home/lukeinator/Documents/gcc-arm-none-eabi-5_2-2015q4/bin/../lib/gcc/arm-none-eabi/5.2.1/../../../../arm-none-eabi/lib/armv7e-m/softfp/libc_nano.a(lib_a-locale.o)
                0x0800509c                _localeconv_r
 .text.malloc   0x080050a4       0x10 /home/lukeinator/Documents/gcc-arm-none-eabi-5_2-2015q4/bin/../lib/gcc/arm-none-eabi/5.2.1/../../../../arm-none-eabi/lib/armv7e-m/softfp/libc_nano.a(lib_a-malloc.o)
                0x080050a4                malloc
 *fill*         0x080050b4        0xc 
 .text          0x080050c0       0xa0 /home/lukeinator/Documents/gcc-arm-none-eabi-5_2-2015q4/bin/../lib/gcc/arm-none-eabi/5.2.1/../../../../arm-none-eabi/lib/armv7e-m/softfp/libc_nano.a(lib_a-memchr.o)
                0x080050c0                memchr
 .text._Balloc  0x08005160       0x6a /home/lukeinator/Documents/gcc-arm-none-eabi-5_2-2015q4/bin/../lib/gcc/arm-none-eabi/5.2.1/../../../../arm-none-eabi/lib/armv7e-m/softfp/libc_nano.a(lib_a-mprec.o)
                0x08005160                _Balloc
 .text._Bfree   0x080051ca       0x2e /home/lukeinator/Documents/gcc-arm-none-eabi-5_2-2015q4/bin/../lib/gcc/arm-none-eabi/5.2.1/../../../../arm-none-eabi/lib/armv7e-m/softfp/libc_nano.a(lib_a-mprec.o)
                0x080051ca                _Bfree
 .text.__multadd
                0x080051f8       0x76 /home/lukeinator/Documents/gcc-arm-none-eabi-5_2-2015q4/bin/../lib/gcc/arm-none-eabi/5.2.1/../../../../arm-none-eabi/lib/armv7e-m/softfp/libc_nano.a(lib_a-mprec.o)
                0x080051f8                __multadd
 .text.__s2b    0x0800526e       0x7c /home/lukeinator/Documents/gcc-arm-none-eabi-5_2-2015q4/bin/../lib/gcc/arm-none-eabi/5.2.1/../../../../arm-none-eabi/lib/armv7e-m/softfp/libc_nano.a(lib_a-mprec.o)
                0x0800526e                __s2b
 .text.__hi0bits
                0x080052ea       0x40 /home/lukeinator/Documents/gcc-arm-none-eabi-5_2-2015q4/bin/../lib/gcc/arm-none-eabi/5.2.1/../../../../arm-none-eabi/lib/armv7e-m/softfp/libc_nano.a(lib_a-mprec.o)
                0x080052ea                __hi0bits
 .text.__lo0bits
                0x0800532a       0x5a /home/lukeinator/Documents/gcc-arm-none-eabi-5_2-2015q4/bin/../lib/gcc/arm-none-eabi/5.2.1/../../../../arm-none-eabi/lib/armv7e-m/softfp/libc_nano.a(lib_a-mprec.o)
                0x0800532a                __lo0bits
 .text.__i2b    0x08005384       0x12 /home/lukeinator/Documents/gcc-arm-none-eabi-5_2-2015q4/bin/../lib/gcc/arm-none-eabi/5.2.1/../../../../arm-none-eabi/lib/armv7e-m/softfp/libc_nano.a(lib_a-mprec.o)
                0x08005384                __i2b
 .text.__multiply
                0x08005396      0x122 /home/lukeinator/Documents/gcc-arm-none-eabi-5_2-2015q4/bin/../lib/gcc/arm-none-eabi/5.2.1/../../../../arm-none-eabi/lib/armv7e-m/softfp/libc_nano.a(lib_a-mprec.o)
                0x08005396                __multiply
 .text.__pow5mult
                0x080054b8       0x9c /home/lukeinator/Documents/gcc-arm-none-eabi-5_2-2015q4/bin/../lib/gcc/arm-none-eabi/5.2.1/../../../../arm-none-eabi/lib/armv7e-m/softfp/libc_nano.a(lib_a-mprec.o)
                0x080054b8                __pow5mult
 .text.__lshift
                0x08005554       0xa2 /home/lukeinator/Documents/gcc-arm-none-eabi-5_2-2015q4/bin/../lib/gcc/arm-none-eabi/5.2.1/../../../../arm-none-eabi/lib/armv7e-m/softfp/libc_nano.a(lib_a-mprec.o)
                0x08005554                __lshift
 .text.__mcmp   0x080055f6       0x38 /home/lukeinator/Documents/gcc-arm-none-eabi-5_2-2015q4/bin/../lib/gcc/arm-none-eabi/5.2.1/../../../../arm-none-eabi/lib/armv7e-m/softfp/libc_nano.a(lib_a-mprec.o)
                0x080055f6                __mcmp
 .text.__mdiff  0x0800562e       0xbe /home/lukeinator/Documents/gcc-arm-none-eabi-5_2-2015q4/bin/../lib/gcc/arm-none-eabi/5.2.1/../../../../arm-none-eabi/lib/armv7e-m/softfp/libc_nano.a(lib_a-mprec.o)
                0x0800562e                __mdiff
 .text.__ulp    0x080056ec       0x48 /home/lukeinator/Documents/gcc-arm-none-eabi-5_2-2015q4/bin/../lib/gcc/arm-none-eabi/5.2.1/../../../../arm-none-eabi/lib/armv7e-m/softfp/libc_nano.a(lib_a-mprec.o)
                0x080056ec                __ulp
 .text.__b2d    0x08005734       0x9a /home/lukeinator/Documents/gcc-arm-none-eabi-5_2-2015q4/bin/../lib/gcc/arm-none-eabi/5.2.1/../../../../arm-none-eabi/lib/armv7e-m/softfp/libc_nano.a(lib_a-mprec.o)
                0x08005734                __b2d
 .text.__d2b    0x080057ce       0x9c /home/lukeinator/Documents/gcc-arm-none-eabi-5_2-2015q4/bin/../lib/gcc/arm-none-eabi/5.2.1/../../../../arm-none-eabi/lib/armv7e-m/softfp/libc_nano.a(lib_a-mprec.o)
                0x080057ce                __d2b
 .text.__ratio  0x0800586a       0x52 /home/lukeinator/Documents/gcc-arm-none-eabi-5_2-2015q4/bin/../lib/gcc/arm-none-eabi/5.2.1/../../../../arm-none-eabi/lib/armv7e-m/softfp/libc_nano.a(lib_a-mprec.o)
                0x0800586a                __ratio
 .text.__copybits
                0x080058bc       0x34 /home/lukeinator/Documents/gcc-arm-none-eabi-5_2-2015q4/bin/../lib/gcc/arm-none-eabi/5.2.1/../../../../arm-none-eabi/lib/armv7e-m/softfp/libc_nano.a(lib_a-mprec.o)
                0x080058bc                __copybits
 .text.__any_on
                0x080058f0       0x44 /home/lukeinator/Documents/gcc-arm-none-eabi-5_2-2015q4/bin/../lib/gcc/arm-none-eabi/5.2.1/../../../../arm-none-eabi/lib/armv7e-m/softfp/libc_nano.a(lib_a-mprec.o)
                0x080058f0                __any_on
 .text._calloc_r
                0x08005934       0x1c /home/lukeinator/Documents/gcc-arm-none-eabi-5_2-2015q4/bin/../lib/gcc/arm-none-eabi/5.2.1/../../../../arm-none-eabi/lib/armv7e-m/softfp/libc_nano.a(lib_a-nano-callocr.o)
                0x08005934                _calloc_r
 .text._free_r  0x08005950       0x8c /home/lukeinator/Documents/gcc-arm-none-eabi-5_2-2015q4/bin/../lib/gcc/arm-none-eabi/5.2.1/../../../../arm-none-eabi/lib/armv7e-m/softfp/libc_nano.a(lib_a-nano-freer.o)
                0x08005950                _free_r
 .text._malloc_r
                0x080059dc       0xa8 /home/lukeinator/Documents/gcc-arm-none-eabi-5_2-2015q4/bin/../lib/gcc/arm-none-eabi/5.2.1/../../../../arm-none-eabi/lib/armv7e-m/softfp/libc_nano.a(lib_a-nano-mallocr.o)
                0x080059dc                _malloc_r
 .text.__ssputs_r
                0x08005a84       0xb2 /home/lukeinator/Documents/gcc-arm-none-eabi-5_2-2015q4/bin/../lib/gcc/arm-none-eabi/5.2.1/../../../../arm-none-eabi/lib/armv7e-m/softfp/libc_nano.a(lib_a-nano-svfprintf.o)
                0x08005a84                __ssputs_r
 *fill*         0x08005b36        0x2 
 .text._svfprintf_r
                0x08005b38      0x1e8 /home/lukeinator/Documents/gcc-arm-none-eabi-5_2-2015q4/bin/../lib/gcc/arm-none-eabi/5.2.1/../../../../arm-none-eabi/lib/armv7e-m/softfp/libc_nano.a(lib_a-nano-svfprintf.o)
                0x08005b38                _svfprintf_r
                0x08005b38                _svfiprintf_r
 .text._sbrk_r  0x08005d20       0x20 /home/lukeinator/Documents/gcc-arm-none-eabi-5_2-2015q4/bin/../lib/gcc/arm-none-eabi/5.2.1/../../../../arm-none-eabi/lib/armv7e-m/softfp/libc_nano.a(lib_a-sbrkr.o)
                0x08005d20                _sbrk_r
 .text.strncmp  0x08005d40       0x2a /home/lukeinator/Documents/gcc-arm-none-eabi-5_2-2015q4/bin/../lib/gcc/arm-none-eabi/5.2.1/../../../../arm-none-eabi/lib/armv7e-m/softfp/libc_nano.a(lib_a-strncmp.o)
                0x08005d40                strncmp
 .text.memmove  0x08005d6a       0x36 /home/lukeinator/Documents/gcc-arm-none-eabi-5_2-2015q4/bin/../lib/gcc/arm-none-eabi/5.2.1/../../../../arm-none-eabi/lib/armv7e-m/softfp/libc_nano.a(lib_a-memmove.o)
                0x08005d6a                memmove
 .text._realloc_r
                0x08005da0       0x4c /home/lukeinator/Documents/gcc-arm-none-eabi-5_2-2015q4/bin/../lib/gcc/arm-none-eabi/5.2.1/../../../../arm-none-eabi/lib/armv7e-m/softfp/libc_nano.a(lib_a-nano-reallocr.o)
                0x08005da0                _realloc_r
 .text._malloc_usable_size_r
                0x08005dec       0x14 /home/lukeinator/Documents/gcc-arm-none-eabi-5_2-2015q4/bin/../lib/gcc/arm-none-eabi/5.2.1/../../../../arm-none-eabi/lib/armv7e-m/softfp/libc_nano.a(lib_a-nano-msizer.o)
                0x08005dec                _malloc_usable_size_r
 .text          0x08005e00      0x370 /home/lukeinator/Documents/gcc-arm-none-eabi-5_2-2015q4/bin/../lib/gcc/arm-none-eabi/5.2.1/armv7e-m/softfp/libgcc.a(_arm_addsubdf3.o)
                0x08005e00                __aeabi_drsub
                0x08005e08                __aeabi_dsub
                0x08005e08                __subdf3
                0x08005e0c                __adddf3
                0x08005e0c                __aeabi_dadd
                0x08006084                __aeabi_ui2d
                0x08006084                __floatunsidf
                0x080060a4                __floatsidf
                0x080060a4                __aeabi_i2d
                0x080060c8                __extendsfdf2
                0x080060c8                __aeabi_f2d
                0x08006104                __aeabi_ul2d
                0x08006104                __floatundidf
                0x08006114                __floatdidf
                0x08006114                __aeabi_l2d
 .text          0x08006170      0x424 /home/lukeinator/Documents/gcc-arm-none-eabi-5_2-2015q4/bin/../lib/gcc/arm-none-eabi/5.2.1/armv7e-m/softfp/libgcc.a(_arm_muldivdf3.o)
                0x08006170                __aeabi_dmul
                0x08006170                __muldf3
                0x080063c4                __aeabi_ddiv
                0x080063c4                __divdf3
 .text          0x08006594      0x110 /home/lukeinator/Documents/gcc-arm-none-eabi-5_2-2015q4/bin/../lib/gcc/arm-none-eabi/5.2.1/armv7e-m/softfp/libgcc.a(_arm_cmpdf2.o)
                0x08006594                __gtdf2
                0x08006594                __gedf2
                0x0800659c                __ltdf2
                0x0800659c                __ledf2
                0x080065a4                __cmpdf2
                0x080065a4                __eqdf2
                0x080065a4                __nedf2
                0x08006620                __aeabi_cdrcmple
                0x08006630                __aeabi_cdcmple
                0x08006630                __aeabi_cdcmpeq
                0x08006640                __aeabi_dcmpeq
                0x08006654                __aeabi_dcmplt
                0x08006668                __aeabi_dcmple
                0x0800667c                __aeabi_dcmpge
                0x08006690                __aeabi_dcmpgt
 .text          0x080066a4       0x50 /home/lukeinator/Documents/gcc-arm-none-eabi-5_2-2015q4/bin/../lib/gcc/arm-none-eabi/5.2.1/armv7e-m/softfp/libgcc.a(_arm_fixdfsi.o)
                0x080066a4                __fixdfsi
                0x080066a4                __aeabi_d2iz
 .text          0x080066f4       0x40 /home/lukeinator/Documents/gcc-arm-none-eabi-5_2-2015q4/bin/../lib/gcc/arm-none-eabi/5.2.1/armv7e-m/softfp/libgcc.a(_arm_fixunsdfsi.o)
                0x080066f4                __fixunsdfsi
                0x080066f4                __aeabi_d2uiz
 .text          0x08006734       0xa0 /home/lukeinator/Documents/gcc-arm-none-eabi-5_2-2015q4/bin/../lib/gcc/arm-none-eabi/5.2.1/armv7e-m/softfp/libgcc.a(_arm_truncdfsf2.o)
                0x08006734                __aeabi_d2f
                0x08006734                __truncdfsf2
 .text._sbrk    0x080067d4       0x1c /home/lukeinator/Documents/gcc-arm-none-eabi-5_2-2015q4/bin/../lib/gcc/arm-none-eabi/5.2.1/../../../../arm-none-eabi/lib/armv7e-m/softfp/libnosys.a(sbrk.o)
                0x080067d4                _sbrk
 *(.init)
 .init          0x080067f0        0x4 /home/lukeinator/Documents/gcc-arm-none-eabi-5_2-2015q4/bin/../lib/gcc/arm-none-eabi/5.2.1/armv7e-m/softfp/crti.o
                0x080067f0                _init
 .init          0x080067f4        0x8 /home/lukeinator/Documents/gcc-arm-none-eabi-5_2-2015q4/bin/../lib/gcc/arm-none-eabi/5.2.1/armv7e-m/softfp/crtn.o
 *(.fini)
 .fini          0x080067fc        0x4 /home/lukeinator/Documents/gcc-arm-none-eabi-5_2-2015q4/bin/../lib/gcc/arm-none-eabi/5.2.1/armv7e-m/softfp/crti.o
                0x080067fc                _fini
 .fini          0x08006800        0x8 /home/lukeinator/Documents/gcc-arm-none-eabi-5_2-2015q4/bin/../lib/gcc/arm-none-eabi/5.2.1/armv7e-m/softfp/crtn.o
 *crtbegin.o(.ctors)
 *crtbegin?.o(.ctors)
 *(EXCLUDE_FILE(*crtend.o *crtend?.o) .ctors)
 *(SORT(.ctors.*))
 *(.ctors)
 *crtbegin.o(.dtors)
 *crtbegin?.o(.dtors)
 *(EXCLUDE_FILE(*crtend.o *crtend?.o) .dtors)
 *(SORT(.dtors.*))
 *(.dtors)
 *(.rodata*)
 .rodata.APBAHBPrescTable
                0x08006808       0x10 STM32Cube_FW_F4_V1.9.0/Drivers/STM32F4xx_HAL_Driver/Src/stm32f4xx_hal_rcc.o
                0x08006808                APBAHBPrescTable
 .rodata.flagBitshiftOffset.10229
                0x08006818        0x8 STM32Cube_FW_F4_V1.9.0/Drivers/STM32F4xx_HAL_Driver/Src/stm32f4xx_hal_dma.o
 .rodata.str1.1
                0x08006820        0x2 /home/lukeinator/Documents/gcc-arm-none-eabi-5_2-2015q4/bin/../lib/gcc/arm-none-eabi/5.2.1/../../../../arm-none-eabi/lib/armv7e-m/softfp/libc_nano.a(lib_a-impure.o)
 .rodata.str1.1
                0x08006822       0x12 /home/lukeinator/Documents/gcc-arm-none-eabi-5_2-2015q4/bin/../lib/gcc/arm-none-eabi/5.2.1/../../../../arm-none-eabi/lib/armv7e-m/softfp/libc_nano.a(lib_a-nano-vfprintf_float.o)
 .rodata.str1.1
                0x08006834       0x22 /home/lukeinator/Documents/gcc-arm-none-eabi-5_2-2015q4/bin/../lib/gcc/arm-none-eabi/5.2.1/../../../../arm-none-eabi/lib/armv7e-m/softfp/libc_nano.a(lib_a-nano-vfprintf_i.o)
 .rodata.str1.1
                0x08006856        0x5 /home/lukeinator/Documents/gcc-arm-none-eabi-5_2-2015q4/bin/../lib/gcc/arm-none-eabi/5.2.1/../../../../arm-none-eabi/lib/armv7e-m/softfp/libc_nano.a(lib_a-nano-vfscanf_float.o)
 *fill*         0x0800685b        0x1 
 .rodata.fpinan.5409
                0x0800685c       0x14 /home/lukeinator/Documents/gcc-arm-none-eabi-5_2-2015q4/bin/../lib/gcc/arm-none-eabi/5.2.1/../../../../arm-none-eabi/lib/armv7e-m/softfp/libc_nano.a(lib_a-strtod.o)
 .rodata.str1.1
                0x08006870        0x5 /home/lukeinator/Documents/gcc-arm-none-eabi-5_2-2015q4/bin/../lib/gcc/arm-none-eabi/5.2.1/../../../../arm-none-eabi/lib/armv7e-m/softfp/libc_nano.a(lib_a-strtod.o)
                                  0xc (size before relaxing)
 .rodata.fpi.5373
                0x08006870       0x14 /home/lukeinator/Documents/gcc-arm-none-eabi-5_2-2015q4/bin/../lib/gcc/arm-none-eabi/5.2.1/../../../../arm-none-eabi/lib/armv7e-m/softfp/libc_nano.a(lib_a-strtod.o)
 *fill*         0x08006884        0x4 
 .rodata.tinytens
                0x08006888       0x28 /home/lukeinator/Documents/gcc-arm-none-eabi-5_2-2015q4/bin/../lib/gcc/arm-none-eabi/5.2.1/../../../../arm-none-eabi/lib/armv7e-m/softfp/libc_nano.a(lib_a-strtod.o)
 .rodata._ctype_
                0x080068b0      0x101 /home/lukeinator/Documents/gcc-arm-none-eabi-5_2-2015q4/bin/../lib/gcc/arm-none-eabi/5.2.1/../../../../arm-none-eabi/lib/armv7e-m/softfp/libc_nano.a(lib_a-ctype_.o)
                0x080068b0                _ctype_
 .rodata.str1.1
                0x080069b1        0xd /home/lukeinator/Documents/gcc-arm-none-eabi-5_2-2015q4/bin/../lib/gcc/arm-none-eabi/5.2.1/../../../../arm-none-eabi/lib/armv7e-m/softfp/libc_nano.a(lib_a-dtoa.o)
                                  0xf (size before relaxing)
 .rodata.str1.1
                0x080069be        0x8 /home/lukeinator/Documents/gcc-arm-none-eabi-5_2-2015q4/bin/../lib/gcc/arm-none-eabi/5.2.1/../../../../arm-none-eabi/lib/armv7e-m/softfp/libc_nano.a(lib_a-locale.o)
                                  0xb (size before relaxing)
 *fill*         0x080069c6        0x2 
 .rodata.__mprec_tens
                0x080069c8       0xc8 /home/lukeinator/Documents/gcc-arm-none-eabi-5_2-2015q4/bin/../lib/gcc/arm-none-eabi/5.2.1/../../../../arm-none-eabi/lib/armv7e-m/softfp/libc_nano.a(lib_a-mprec.o)
                0x080069c8                __mprec_tens
 .rodata.__mprec_bigtens
                0x08006a90       0x28 /home/lukeinator/Documents/gcc-arm-none-eabi-5_2-2015q4/bin/../lib/gcc/arm-none-eabi/5.2.1/../../../../arm-none-eabi/lib/armv7e-m/softfp/libc_nano.a(lib_a-mprec.o)
                0x08006a90                __mprec_bigtens
 .rodata.p05.5416
                0x08006ab8        0xc /home/lukeinator/Documents/gcc-arm-none-eabi-5_2-2015q4/bin/../lib/gcc/arm-none-eabi/5.2.1/../../../../arm-none-eabi/lib/armv7e-m/softfp/libc_nano.a(lib_a-mprec.o)
 .rodata.str1.1
                0x08006ac4       0x11 /home/lukeinator/Documents/gcc-arm-none-eabi-5_2-2015q4/bin/../lib/gcc/arm-none-eabi/5.2.1/../../../../arm-none-eabi/lib/armv7e-m/softfp/libc_nano.a(lib_a-nano-svfprintf.o)
 *(.eh_frame*)
 *fill*         0x08006ad5        0x3 
 .eh_frame      0x08006ad8        0x0 /home/lukeinator/Documents/gcc-arm-none-eabi-5_2-2015q4/bin/../lib/gcc/arm-none-eabi/5.2.1/armv7e-m/softfp/crtbegin.o
 .eh_frame      0x08006ad8        0x4 /home/lukeinator/Documents/gcc-arm-none-eabi-5_2-2015q4/bin/../lib/gcc/arm-none-eabi/5.2.1/armv7e-m/softfp/crtend.o

.glue_7         0x08006adc        0x0
 .glue_7        0x08006adc        0x0 linker stubs

.glue_7t        0x08006adc        0x0
 .glue_7t       0x08006adc        0x0 linker stubs

.vfp11_veneer   0x08006adc        0x0
 .vfp11_veneer  0x08006adc        0x0 linker stubs

.v4_bx          0x08006adc        0x0
 .v4_bx         0x08006adc        0x0 linker stubs

.iplt           0x08006adc        0x0
 .iplt          0x08006adc        0x0 /home/lukeinator/Documents/gcc-arm-none-eabi-5_2-2015q4/bin/../lib/gcc/arm-none-eabi/5.2.1/armv7e-m/softfp/crtbegin.o

.rel.dyn        0x08006adc        0x0
 .rel.iplt      0x08006adc        0x0 /home/lukeinator/Documents/gcc-arm-none-eabi-5_2-2015q4/bin/../lib/gcc/arm-none-eabi/5.2.1/armv7e-m/softfp/crtbegin.o

.ARM.extab
 *(.ARM.extab* .gnu.linkonce.armextab.*)
                0x08006adc                __exidx_start = .

.ARM.exidx
 *(.ARM.exidx* .gnu.linkonce.armexidx.*)
                0x08006adc                __exidx_end = .
                0x08006adc                __etext = .
                0x08006adc                _sidata = .

.data           0x20000188       0xb4 load address 0x08006adc
                0x20000188                __data_start__ = .
                0x20000188                _sdata = .
 *(vtable)
 *(.data*)
 .data.buffer   0x20000188        0x2 main.o
                0x20000188                buffer
 *fill*         0x2000018a        0x2 
 .data.SystemCoreClock
                0x2000018c        0x4 STM32Cube_FW_F4_V1.9.0/Drivers/CMSIS/Device/ST/STM32F4xx/Source/Templates/system_stm32f4xx.o
                0x2000018c                SystemCoreClock
 .data.impure_data
                0x20000190       0x60 /home/lukeinator/Documents/gcc-arm-none-eabi-5_2-2015q4/bin/../lib/gcc/arm-none-eabi/5.2.1/../../../../arm-none-eabi/lib/armv7e-m/softfp/libc_nano.a(lib_a-impure.o)
 .data._impure_ptr
                0x200001f0        0x4 /home/lukeinator/Documents/gcc-arm-none-eabi-5_2-2015q4/bin/../lib/gcc/arm-none-eabi/5.2.1/../../../../arm-none-eabi/lib/armv7e-m/softfp/libc_nano.a(lib_a-impure.o)
                0x200001f0                _impure_ptr
 .data.__ctype_ptr__
                0x200001f4        0x4 /home/lukeinator/Documents/gcc-arm-none-eabi-5_2-2015q4/bin/../lib/gcc/arm-none-eabi/5.2.1/../../../../arm-none-eabi/lib/armv7e-m/softfp/libc_nano.a(lib_a-ctype_.o)
                0x200001f4                __ctype_ptr__
 .data.lconv    0x200001f8       0x38 /home/lukeinator/Documents/gcc-arm-none-eabi-5_2-2015q4/bin/../lib/gcc/arm-none-eabi/5.2.1/../../../../arm-none-eabi/lib/armv7e-m/softfp/libc_nano.a(lib_a-locale.o)
                0x20000230                . = ALIGN (0x4)
                0x20000230                PROVIDE (__preinit_array_start, .)
 *(.preinit_array)
                0x20000230                PROVIDE (__preinit_array_end, .)
                0x20000230                . = ALIGN (0x4)
                0x20000230                PROVIDE (__init_array_start, .)
 *(SORT(.init_array.*))
 *(.init_array)
 .init_array    0x20000230        0x4 /home/lukeinator/Documents/gcc-arm-none-eabi-5_2-2015q4/bin/../lib/gcc/arm-none-eabi/5.2.1/armv7e-m/softfp/crtbegin.o
                0x20000234                PROVIDE (__init_array_end, .)
                0x20000234                . = ALIGN (0x4)
                [!provide]                PROVIDE (__fini_array_start, .)
 *(SORT(.fini_array.*))
 *(.fini_array)
 .fini_array    0x20000234        0x4 /home/lukeinator/Documents/gcc-arm-none-eabi-5_2-2015q4/bin/../lib/gcc/arm-none-eabi/5.2.1/armv7e-m/softfp/crtbegin.o
                [!provide]                PROVIDE (__fini_array_end, .)
 *(.jcr*)
 .jcr           0x20000238        0x0 /home/lukeinator/Documents/gcc-arm-none-eabi-5_2-2015q4/bin/../lib/gcc/arm-none-eabi/5.2.1/armv7e-m/softfp/crtbegin.o
 .jcr           0x20000238        0x4 /home/lukeinator/Documents/gcc-arm-none-eabi-5_2-2015q4/bin/../lib/gcc/arm-none-eabi/5.2.1/armv7e-m/softfp/crtend.o
                0x2000023c                . = ALIGN (0x4)
                0x2000023c                __data_end__ = .
                0x2000023c                _edata = .

.tm_clone_table
                0x2000023c        0x0 load address 0x08006b90
 .tm_clone_table
                0x2000023c        0x0 /home/lukeinator/Documents/gcc-arm-none-eabi-5_2-2015q4/bin/../lib/gcc/arm-none-eabi/5.2.1/armv7e-m/softfp/crtbegin.o
 .tm_clone_table
                0x2000023c        0x0 /home/lukeinator/Documents/gcc-arm-none-eabi-5_2-2015q4/bin/../lib/gcc/arm-none-eabi/5.2.1/armv7e-m/softfp/crtend.o

.igot.plt       0x2000023c        0x0 load address 0x08006b90
 .igot.plt      0x2000023c        0x0 /home/lukeinator/Documents/gcc-arm-none-eabi-5_2-2015q4/bin/../lib/gcc/arm-none-eabi/5.2.1/armv7e-m/softfp/crtbegin.o

.bss            0x2000023c      0x2e4 load address 0x08006b90
                0x2000023c                . = ALIGN (0x4)
                0x2000023c                __bss_start__ = .
                0x2000023c                _sbss = .
 *(.bss*)
 .bss           0x2000023c       0x1c /home/lukeinator/Documents/gcc-arm-none-eabi-5_2-2015q4/bin/../lib/gcc/arm-none-eabi/5.2.1/armv7e-m/softfp/crtbegin.o
 .bss._ZL9RxMessage
                0x20000258       0x24 src/init.o
 .bss.hdma_i2c1_rx
                0x2000027c       0x58 src/init.o
                0x2000027c                hdma_i2c1_rx
 .bss._ZL9TxMessage
                0x200002d4       0x1c src/init.o
 .bss.sConfigOC
                0x200002f0       0x1c src/init.o
                0x200002f0                sConfigOC
 .bss.hdma_usart3_tx
                0x2000030c       0x58 src/init.o
                0x2000030c                hdma_usart3_tx
 .bss.hdma_i2c1_tx
                0x20000364       0x58 src/init.o
                0x20000364                hdma_i2c1_tx
 .bss.htim5     0x200003bc       0x3c src/init.o
                0x200003bc                htim5
 .bss.hcan2     0x200003f8       0x40 src/init.o
                0x200003f8                hcan2
 .bss.hdma_usart3_rx
                0x20000438       0x58 src/init.o
                0x20000438                hdma_usart3_rx
 .bss.huart3    0x20000490       0x40 src/init.o
                0x20000490                huart3
 .bss.hi2c1     0x200004d0       0x3c src/init.o
                0x200004d0                hi2c1
 .bss.uwTick    0x2000050c        0x4 STM32Cube_FW_F4_V1.9.0/Drivers/STM32F4xx_HAL_Driver/Src/stm32f4xx_hal.o
 .bss.__malloc_sbrk_start
                0x20000510        0x4 /home/lukeinator/Documents/gcc-arm-none-eabi-5_2-2015q4/bin/../lib/gcc/arm-none-eabi/5.2.1/../../../../arm-none-eabi/lib/armv7e-m/softfp/libc_nano.a(lib_a-nano-mallocr.o)
                0x20000510                __malloc_sbrk_start
 .bss.__malloc_free_list
                0x20000514        0x4 /home/lukeinator/Documents/gcc-arm-none-eabi-5_2-2015q4/bin/../lib/gcc/arm-none-eabi/5.2.1/../../../../arm-none-eabi/lib/armv7e-m/softfp/libc_nano.a(lib_a-nano-mallocr.o)
                0x20000514                __malloc_free_list
 .bss.heap_end.4169
                0x20000518        0x4 /home/lukeinator/Documents/gcc-arm-none-eabi-5_2-2015q4/bin/../lib/gcc/arm-none-eabi/5.2.1/../../../../arm-none-eabi/lib/armv7e-m/softfp/libnosys.a(sbrk.o)
 *(COMMON)
 COMMON         0x2000051c        0x4 /home/lukeinator/Documents/gcc-arm-none-eabi-5_2-2015q4/bin/../lib/gcc/arm-none-eabi/5.2.1/../../../../arm-none-eabi/lib/armv7e-m/softfp/libc_nano.a(lib_a-reent.o)
                0x2000051c                errno
                0x20000520                . = ALIGN (0x4)
                0x20000520                __bss_end__ = .
                0x20000520                _ebss = .

.heap           0x20000520        0x0
                0x20000520                __end__ = .
                0x20000520                end = __end__
 *(.heap*)
                0x20000520                __HeapLimit = .

.stack_dummy    0x20000520        0x0
 *(.stack*)
                0x20020000                __StackTop = (ORIGIN (RAM) + LENGTH (RAM))
                0x20020000                _estack = __StackTop
                0x20020000                __StackLimit = (__StackTop - SIZEOF (.stack_dummy))
                0x20020000                PROVIDE (__stack, __StackTop)
                0x00000001                ASSERT ((__StackLimit >= __HeapLimit), region RAM overflowed with stack)
OUTPUT(build/main.elf elf32-littlearm)

.ARM.attributes
                0x00000000       0x2e
 .ARM.attributes
                0x00000000       0x22 /home/lukeinator/Documents/gcc-arm-none-eabi-5_2-2015q4/bin/../lib/gcc/arm-none-eabi/5.2.1/armv7e-m/softfp/crti.o
 .ARM.attributes
                0x00000022       0x32 /home/lukeinator/Documents/gcc-arm-none-eabi-5_2-2015q4/bin/../lib/gcc/arm-none-eabi/5.2.1/armv7e-m/softfp/crtbegin.o
 .ARM.attributes
                0x00000054       0x37 main.o
 .ARM.attributes
                0x0000008b       0x37 src/stm32f4xx_it.o
 .ARM.attributes
                0x000000c2       0x37 src/init.o
 .ARM.attributes
                0x000000f9       0x37 STM32Cube_FW_F4_V1.9.0/Drivers/STM32F4xx_HAL_Driver/Src/stm32f4xx_hal.o
 .ARM.attributes
                0x00000130       0x37 STM32Cube_FW_F4_V1.9.0/Drivers/STM32F4xx_HAL_Driver/Src/stm32f4xx_hal_can.o
 .ARM.attributes
                0x00000167       0x37 STM32Cube_FW_F4_V1.9.0/Drivers/STM32F4xx_HAL_Driver/Src/stm32f4xx_hal_uart.o
 .ARM.attributes
                0x0000019e       0x37 STM32Cube_FW_F4_V1.9.0/Drivers/STM32F4xx_HAL_Driver/Src/stm32f4xx_hal_cortex.o
 .ARM.attributes
                0x000001d5       0x37 STM32Cube_FW_F4_V1.9.0/Drivers/STM32F4xx_HAL_Driver/Src/stm32f4xx_hal_gpio.o
 .ARM.attributes
                0x0000020c       0x37 STM32Cube_FW_F4_V1.9.0/Drivers/STM32F4xx_HAL_Driver/Src/stm32f4xx_hal_rcc.o
 .ARM.attributes
                0x00000243       0x37 STM32Cube_FW_F4_V1.9.0/Drivers/STM32F4xx_HAL_Driver/Src/stm32f4xx_hal_dma.o
 .ARM.attributes
                0x0000027a       0x37 STM32Cube_FW_F4_V1.9.0/Drivers/STM32F4xx_HAL_Driver/Src/stm32f4xx_hal_i2c.o
 .ARM.attributes
                0x000002b1       0x37 STM32Cube_FW_F4_V1.9.0/Drivers/STM32F4xx_HAL_Driver/Src/stm32f4xx_hal_tim.o
 .ARM.attributes
                0x000002e8       0x37 STM32Cube_FW_F4_V1.9.0/Drivers/CMSIS/Device/ST/STM32F4xx/Source/Templates/system_stm32f4xx.o
 .ARM.attributes
                0x0000031f       0x21 STM32Cube_FW_F4_V1.9.0/Drivers/CMSIS/Device/ST/STM32F4xx/Source/Templates/gcc/startup_stm32f407xx.o
 .ARM.attributes
                0x00000340       0x32 /home/lukeinator/Documents/gcc-arm-none-eabi-5_2-2015q4/bin/../lib/gcc/arm-none-eabi/5.2.1/../../../../arm-none-eabi/lib/armv7e-m/softfp/libm.a(lib_a-s_fpclassify.o)
 .ARM.attributes
                0x00000372       0x32 /home/lukeinator/Documents/gcc-arm-none-eabi-5_2-2015q4/bin/../lib/gcc/arm-none-eabi/5.2.1/../../../../arm-none-eabi/lib/armv7e-m/softfp/libc_nano.a(lib_a-impure.o)
 .ARM.attributes
                0x000003a4       0x32 /home/lukeinator/Documents/gcc-arm-none-eabi-5_2-2015q4/bin/../lib/gcc/arm-none-eabi/5.2.1/../../../../arm-none-eabi/lib/armv7e-m/softfp/libc_nano.a(lib_a-init.o)
 .ARM.attributes
                0x000003d6       0x32 /home/lukeinator/Documents/gcc-arm-none-eabi-5_2-2015q4/bin/../lib/gcc/arm-none-eabi/5.2.1/../../../../arm-none-eabi/lib/armv7e-m/softfp/libc_nano.a(lib_a-memcpy-stub.o)
 .ARM.attributes
                0x00000408       0x32 /home/lukeinator/Documents/gcc-arm-none-eabi-5_2-2015q4/bin/../lib/gcc/arm-none-eabi/5.2.1/../../../../arm-none-eabi/lib/armv7e-m/softfp/libc_nano.a(lib_a-memset.o)
 .ARM.attributes
                0x0000043a       0x32 /home/lukeinator/Documents/gcc-arm-none-eabi-5_2-2015q4/bin/../lib/gcc/arm-none-eabi/5.2.1/../../../../arm-none-eabi/lib/armv7e-m/softfp/libc_nano.a(lib_a-nano-vfprintf_float.o)
 .ARM.attributes
                0x0000046c       0x32 /home/lukeinator/Documents/gcc-arm-none-eabi-5_2-2015q4/bin/../lib/gcc/arm-none-eabi/5.2.1/../../../../arm-none-eabi/lib/armv7e-m/softfp/libc_nano.a(lib_a-nano-vfprintf_i.o)
 .ARM.attributes
                0x0000049e       0x32 /home/lukeinator/Documents/gcc-arm-none-eabi-5_2-2015q4/bin/../lib/gcc/arm-none-eabi/5.2.1/../../../../arm-none-eabi/lib/armv7e-m/softfp/libc_nano.a(lib_a-nano-vfscanf_float.o)
 .ARM.attributes
                0x000004d0       0x32 /home/lukeinator/Documents/gcc-arm-none-eabi-5_2-2015q4/bin/../lib/gcc/arm-none-eabi/5.2.1/../../../../arm-none-eabi/lib/armv7e-m/softfp/libc_nano.a(lib_a-sf_nan.o)
 .ARM.attributes
                0x00000502       0x32 /home/lukeinator/Documents/gcc-arm-none-eabi-5_2-2015q4/bin/../lib/gcc/arm-none-eabi/5.2.1/../../../../arm-none-eabi/lib/armv7e-m/softfp/libc_nano.a(lib_a-sprintf.o)
 .ARM.attributes
                0x00000534       0x1b /home/lukeinator/Documents/gcc-arm-none-eabi-5_2-2015q4/bin/../lib/gcc/arm-none-eabi/5.2.1/../../../../arm-none-eabi/lib/armv7e-m/softfp/libc_nano.a(lib_a-strlen.o)
 .ARM.attributes
                0x0000054f       0x32 /home/lukeinator/Documents/gcc-arm-none-eabi-5_2-2015q4/bin/../lib/gcc/arm-none-eabi/5.2.1/../../../../arm-none-eabi/lib/armv7e-m/softfp/libc_nano.a(lib_a-strtod.o)
 .ARM.attributes
                0x00000581       0x32 /home/lukeinator/Documents/gcc-arm-none-eabi-5_2-2015q4/bin/../lib/gcc/arm-none-eabi/5.2.1/../../../../arm-none-eabi/lib/armv7e-m/softfp/libc_nano.a(lib_a-strtol.o)
 .ARM.attributes
                0x000005b3       0x32 /home/lukeinator/Documents/gcc-arm-none-eabi-5_2-2015q4/bin/../lib/gcc/arm-none-eabi/5.2.1/../../../../arm-none-eabi/lib/armv7e-m/softfp/libc_nano.a(lib_a-ctype_.o)
 .ARM.attributes
                0x000005e5       0x32 /home/lukeinator/Documents/gcc-arm-none-eabi-5_2-2015q4/bin/../lib/gcc/arm-none-eabi/5.2.1/../../../../arm-none-eabi/lib/armv7e-m/softfp/libc_nano.a(lib_a-dtoa.o)
 .ARM.attributes
                0x00000617       0x32 /home/lukeinator/Documents/gcc-arm-none-eabi-5_2-2015q4/bin/../lib/gcc/arm-none-eabi/5.2.1/../../../../arm-none-eabi/lib/armv7e-m/softfp/libc_nano.a(lib_a-gdtoa-gethex.o)
 .ARM.attributes
                0x00000649       0x32 /home/lukeinator/Documents/gcc-arm-none-eabi-5_2-2015q4/bin/../lib/gcc/arm-none-eabi/5.2.1/../../../../arm-none-eabi/lib/armv7e-m/softfp/libc_nano.a(lib_a-gdtoa-hexnan.o)
 .ARM.attributes
                0x0000067b       0x32 /home/lukeinator/Documents/gcc-arm-none-eabi-5_2-2015q4/bin/../lib/gcc/arm-none-eabi/5.2.1/../../../../arm-none-eabi/lib/armv7e-m/softfp/libc_nano.a(lib_a-locale.o)
 .ARM.attributes
                0x000006ad       0x32 /home/lukeinator/Documents/gcc-arm-none-eabi-5_2-2015q4/bin/../lib/gcc/arm-none-eabi/5.2.1/../../../../arm-none-eabi/lib/armv7e-m/softfp/libc_nano.a(lib_a-malloc.o)
 .ARM.attributes
                0x000006df       0x20 /home/lukeinator/Documents/gcc-arm-none-eabi-5_2-2015q4/bin/../lib/gcc/arm-none-eabi/5.2.1/../../../../arm-none-eabi/lib/armv7e-m/softfp/libc_nano.a(lib_a-memchr.o)
 .ARM.attributes
                0x000006ff       0x32 /home/lukeinator/Documents/gcc-arm-none-eabi-5_2-2015q4/bin/../lib/gcc/arm-none-eabi/5.2.1/../../../../arm-none-eabi/lib/armv7e-m/softfp/libc_nano.a(lib_a-mprec.o)
 .ARM.attributes
                0x00000731       0x32 /home/lukeinator/Documents/gcc-arm-none-eabi-5_2-2015q4/bin/../lib/gcc/arm-none-eabi/5.2.1/../../../../arm-none-eabi/lib/armv7e-m/softfp/libc_nano.a(lib_a-nano-callocr.o)
 .ARM.attributes
                0x00000763       0x32 /home/lukeinator/Documents/gcc-arm-none-eabi-5_2-2015q4/bin/../lib/gcc/arm-none-eabi/5.2.1/../../../../arm-none-eabi/lib/armv7e-m/softfp/libc_nano.a(lib_a-nano-freer.o)
 .ARM.attributes
                0x00000795       0x32 /home/lukeinator/Documents/gcc-arm-none-eabi-5_2-2015q4/bin/../lib/gcc/arm-none-eabi/5.2.1/../../../../arm-none-eabi/lib/armv7e-m/softfp/libc_nano.a(lib_a-nano-mallocr.o)
 .ARM.attributes
                0x000007c7       0x32 /home/lukeinator/Documents/gcc-arm-none-eabi-5_2-2015q4/bin/../lib/gcc/arm-none-eabi/5.2.1/../../../../arm-none-eabi/lib/armv7e-m/softfp/libc_nano.a(lib_a-nano-svfprintf.o)
 .ARM.attributes
                0x000007f9       0x32 /home/lukeinator/Documents/gcc-arm-none-eabi-5_2-2015q4/bin/../lib/gcc/arm-none-eabi/5.2.1/../../../../arm-none-eabi/lib/armv7e-m/softfp/libc_nano.a(lib_a-sbrkr.o)
 .ARM.attributes
                0x0000082b       0x32 /home/lukeinator/Documents/gcc-arm-none-eabi-5_2-2015q4/bin/../lib/gcc/arm-none-eabi/5.2.1/../../../../arm-none-eabi/lib/armv7e-m/softfp/libc_nano.a(lib_a-strncmp.o)
 .ARM.attributes
                0x0000085d       0x32 /home/lukeinator/Documents/gcc-arm-none-eabi-5_2-2015q4/bin/../lib/gcc/arm-none-eabi/5.2.1/../../../../arm-none-eabi/lib/armv7e-m/softfp/libc_nano.a(lib_a-memmove.o)
 .ARM.attributes
                0x0000088f       0x32 /home/lukeinator/Documents/gcc-arm-none-eabi-5_2-2015q4/bin/../lib/gcc/arm-none-eabi/5.2.1/../../../../arm-none-eabi/lib/armv7e-m/softfp/libc_nano.a(lib_a-nano-reallocr.o)
 .ARM.attributes
                0x000008c1       0x32 /home/lukeinator/Documents/gcc-arm-none-eabi-5_2-2015q4/bin/../lib/gcc/arm-none-eabi/5.2.1/../../../../arm-none-eabi/lib/armv7e-m/softfp/libc_nano.a(lib_a-reent.o)
 .ARM.attributes
                0x000008f3       0x32 /home/lukeinator/Documents/gcc-arm-none-eabi-5_2-2015q4/bin/../lib/gcc/arm-none-eabi/5.2.1/../../../../arm-none-eabi/lib/armv7e-m/softfp/libc_nano.a(lib_a-nano-msizer.o)
 .ARM.attributes
                0x00000925       0x22 /home/lukeinator/Documents/gcc-arm-none-eabi-5_2-2015q4/bin/../lib/gcc/arm-none-eabi/5.2.1/armv7e-m/softfp/libgcc.a(_arm_addsubdf3.o)
 .ARM.attributes
                0x00000947       0x22 /home/lukeinator/Documents/gcc-arm-none-eabi-5_2-2015q4/bin/../lib/gcc/arm-none-eabi/5.2.1/armv7e-m/softfp/libgcc.a(_arm_muldivdf3.o)
 .ARM.attributes
                0x00000969       0x22 /home/lukeinator/Documents/gcc-arm-none-eabi-5_2-2015q4/bin/../lib/gcc/arm-none-eabi/5.2.1/armv7e-m/softfp/libgcc.a(_arm_cmpdf2.o)
 .ARM.attributes
                0x0000098b       0x22 /home/lukeinator/Documents/gcc-arm-none-eabi-5_2-2015q4/bin/../lib/gcc/arm-none-eabi/5.2.1/armv7e-m/softfp/libgcc.a(_arm_fixdfsi.o)
 .ARM.attributes
                0x000009ad       0x22 /home/lukeinator/Documents/gcc-arm-none-eabi-5_2-2015q4/bin/../lib/gcc/arm-none-eabi/5.2.1/armv7e-m/softfp/libgcc.a(_arm_fixunsdfsi.o)
 .ARM.attributes
                0x000009cf       0x22 /home/lukeinator/Documents/gcc-arm-none-eabi-5_2-2015q4/bin/../lib/gcc/arm-none-eabi/5.2.1/armv7e-m/softfp/libgcc.a(_arm_truncdfsf2.o)
 .ARM.attributes
                0x000009f1       0x32 /home/lukeinator/Documents/gcc-arm-none-eabi-5_2-2015q4/bin/../lib/gcc/arm-none-eabi/5.2.1/../../../../arm-none-eabi/lib/armv7e-m/softfp/libnosys.a(sbrk.o)
 .ARM.attributes
                0x00000a23       0x32 /home/lukeinator/Documents/gcc-arm-none-eabi-5_2-2015q4/bin/../lib/gcc/arm-none-eabi/5.2.1/armv7e-m/softfp/crtend.o
 .ARM.attributes
                0x00000a55       0x22 /home/lukeinator/Documents/gcc-arm-none-eabi-5_2-2015q4/bin/../lib/gcc/arm-none-eabi/5.2.1/armv7e-m/softfp/crtn.o

.comment        0x00000000      0x14e
 .comment       0x00000000       0x6e main.o
                                 0x6f (size before relaxing)
 .comment       0x0000006e       0x6f src/stm32f4xx_it.o
 .comment       0x0000006e       0x6f src/init.o
 .comment       0x0000006e       0x70 STM32Cube_FW_F4_V1.9.0/Drivers/STM32F4xx_HAL_Driver/Src/stm32f4xx_hal.o
                                 0x71 (size before relaxing)
 .comment       0x000000de       0x71 STM32Cube_FW_F4_V1.9.0/Drivers/STM32F4xx_HAL_Driver/Src/stm32f4xx_hal_can.o
 .comment       0x000000de       0x71 STM32Cube_FW_F4_V1.9.0/Drivers/STM32F4xx_HAL_Driver/Src/stm32f4xx_hal_uart.o
 .comment       0x000000de       0x71 STM32Cube_FW_F4_V1.9.0/Drivers/STM32F4xx_HAL_Driver/Src/stm32f4xx_hal_cortex.o
 .comment       0x000000de       0x71 STM32Cube_FW_F4_V1.9.0/Drivers/STM32F4xx_HAL_Driver/Src/stm32f4xx_hal_gpio.o
 .comment       0x000000de       0x71 STM32Cube_FW_F4_V1.9.0/Drivers/STM32F4xx_HAL_Driver/Src/stm32f4xx_hal_rcc.o
 .comment       0x000000de       0x71 STM32Cube_FW_F4_V1.9.0/Drivers/STM32F4xx_HAL_Driver/Src/stm32f4xx_hal_dma.o
 .comment       0x000000de       0x71 STM32Cube_FW_F4_V1.9.0/Drivers/STM32F4xx_HAL_Driver/Src/stm32f4xx_hal_i2c.o
 .comment       0x000000de       0x70 STM32Cube_FW_F4_V1.9.0/Drivers/STM32F4xx_HAL_Driver/Src/stm32f4xx_hal_tim.o
                                 0x71 (size before relaxing)
 .comment       0x0000014e       0x71 STM32Cube_FW_F4_V1.9.0/Drivers/CMSIS/Device/ST/STM32F4xx/Source/Templates/system_stm32f4xx.o

.debug_info     0x00000000     0xf532
 .debug_info    0x00000000      0xc33 main.o
 .debug_info    0x00000c33      0xc6e src/stm32f4xx_it.o
 .debug_info    0x000018a1     0x297e src/init.o
 .debug_info    0x0000421f      0x91c STM32Cube_FW_F4_V1.9.0/Drivers/STM32F4xx_HAL_Driver/Src/stm32f4xx_hal.o
 .debug_info    0x00004b3b      0xbcd STM32Cube_FW_F4_V1.9.0/Drivers/STM32F4xx_HAL_Driver/Src/stm32f4xx_hal_can.o
 .debug_info    0x00005708     0x1223 STM32Cube_FW_F4_V1.9.0/Drivers/STM32F4xx_HAL_Driver/Src/stm32f4xx_hal_uart.o
 .debug_info    0x0000692b      0xe61 STM32Cube_FW_F4_V1.9.0/Drivers/STM32F4xx_HAL_Driver/Src/stm32f4xx_hal_cortex.o
 .debug_info    0x0000778c      0x70a STM32Cube_FW_F4_V1.9.0/Drivers/STM32F4xx_HAL_Driver/Src/stm32f4xx_hal_gpio.o
 .debug_info    0x00007e96      0xd31 STM32Cube_FW_F4_V1.9.0/Drivers/STM32F4xx_HAL_Driver/Src/stm32f4xx_hal_rcc.o
 .debug_info    0x00008bc7      0x7ee STM32Cube_FW_F4_V1.9.0/Drivers/STM32F4xx_HAL_Driver/Src/stm32f4xx_hal_dma.o
 .debug_info    0x000093b5     0x28ca STM32Cube_FW_F4_V1.9.0/Drivers/STM32F4xx_HAL_Driver/Src/stm32f4xx_hal_i2c.o
 .debug_info    0x0000bc7f     0x3415 STM32Cube_FW_F4_V1.9.0/Drivers/STM32F4xx_HAL_Driver/Src/stm32f4xx_hal_tim.o
 .debug_info    0x0000f094      0x49e STM32Cube_FW_F4_V1.9.0/Drivers/CMSIS/Device/ST/STM32F4xx/Source/Templates/system_stm32f4xx.o

.debug_abbrev   0x00000000     0x1f85
 .debug_abbrev  0x00000000      0x21d main.o
 .debug_abbrev  0x0000021d      0x201 src/stm32f4xx_it.o
 .debug_abbrev  0x0000041e      0x2b8 src/init.o
 .debug_abbrev  0x000006d6      0x258 STM32Cube_FW_F4_V1.9.0/Drivers/STM32F4xx_HAL_Driver/Src/stm32f4xx_hal.o
 .debug_abbrev  0x0000092e      0x259 STM32Cube_FW_F4_V1.9.0/Drivers/STM32F4xx_HAL_Driver/Src/stm32f4xx_hal_can.o
 .debug_abbrev  0x00000b87      0x2be STM32Cube_FW_F4_V1.9.0/Drivers/STM32F4xx_HAL_Driver/Src/stm32f4xx_hal_uart.o
 .debug_abbrev  0x00000e45      0x30a STM32Cube_FW_F4_V1.9.0/Drivers/STM32F4xx_HAL_Driver/Src/stm32f4xx_hal_cortex.o
 .debug_abbrev  0x0000114f      0x1c6 STM32Cube_FW_F4_V1.9.0/Drivers/STM32F4xx_HAL_Driver/Src/stm32f4xx_hal_gpio.o
 .debug_abbrev  0x00001315      0x33d STM32Cube_FW_F4_V1.9.0/Drivers/STM32F4xx_HAL_Driver/Src/stm32f4xx_hal_rcc.o
 .debug_abbrev  0x00001652      0x270 STM32Cube_FW_F4_V1.9.0/Drivers/STM32F4xx_HAL_Driver/Src/stm32f4xx_hal_dma.o
 .debug_abbrev  0x000018c2      0x2ad STM32Cube_FW_F4_V1.9.0/Drivers/STM32F4xx_HAL_Driver/Src/stm32f4xx_hal_i2c.o
 .debug_abbrev  0x00001b6f      0x315 STM32Cube_FW_F4_V1.9.0/Drivers/STM32F4xx_HAL_Driver/Src/stm32f4xx_hal_tim.o
 .debug_abbrev  0x00001e84      0x101 STM32Cube_FW_F4_V1.9.0/Drivers/CMSIS/Device/ST/STM32F4xx/Source/Templates/system_stm32f4xx.o

.debug_loc      0x00000000     0x8764
 .debug_loc     0x00000000       0x63 main.o
 .debug_loc     0x00000063       0xd1 src/init.o
 .debug_loc     0x00000134       0x82 STM32Cube_FW_F4_V1.9.0/Drivers/STM32F4xx_HAL_Driver/Src/stm32f4xx_hal.o
 .debug_loc     0x000001b6      0x75d STM32Cube_FW_F4_V1.9.0/Drivers/STM32F4xx_HAL_Driver/Src/stm32f4xx_hal_can.o
 .debug_loc     0x00000913      0xe90 STM32Cube_FW_F4_V1.9.0/Drivers/STM32F4xx_HAL_Driver/Src/stm32f4xx_hal_uart.o
 .debug_loc     0x000017a3      0x31e STM32Cube_FW_F4_V1.9.0/Drivers/STM32F4xx_HAL_Driver/Src/stm32f4xx_hal_cortex.o
 .debug_loc     0x00001ac1      0x3b7 STM32Cube_FW_F4_V1.9.0/Drivers/STM32F4xx_HAL_Driver/Src/stm32f4xx_hal_gpio.o
 .debug_loc     0x00001e78      0x622 STM32Cube_FW_F4_V1.9.0/Drivers/STM32F4xx_HAL_Driver/Src/stm32f4xx_hal_rcc.o
 .debug_loc     0x0000249a      0x4f2 STM32Cube_FW_F4_V1.9.0/Drivers/STM32F4xx_HAL_Driver/Src/stm32f4xx_hal_dma.o
 .debug_loc     0x0000298c     0x2a46 STM32Cube_FW_F4_V1.9.0/Drivers/STM32F4xx_HAL_Driver/Src/stm32f4xx_hal_i2c.o
 .debug_loc     0x000053d2     0x32b8 STM32Cube_FW_F4_V1.9.0/Drivers/STM32F4xx_HAL_Driver/Src/stm32f4xx_hal_tim.o
 .debug_loc     0x0000868a       0xda STM32Cube_FW_F4_V1.9.0/Drivers/CMSIS/Device/ST/STM32F4xx/Source/Templates/system_stm32f4xx.o

.debug_aranges  0x00000000      0xa98
 .debug_aranges
                0x00000000       0x38 main.o
 .debug_aranges
                0x00000038       0x68 src/stm32f4xx_it.o
 .debug_aranges
                0x000000a0       0x90 src/init.o
 .debug_aranges
                0x00000130       0xc0 STM32Cube_FW_F4_V1.9.0/Drivers/STM32F4xx_HAL_Driver/Src/stm32f4xx_hal.o
 .debug_aranges
                0x000001f0       0xa8 STM32Cube_FW_F4_V1.9.0/Drivers/STM32F4xx_HAL_Driver/Src/stm32f4xx_hal_can.o
 .debug_aranges
                0x00000298      0x138 STM32Cube_FW_F4_V1.9.0/Drivers/STM32F4xx_HAL_Driver/Src/stm32f4xx_hal_uart.o
 .debug_aranges
                0x000003d0       0x98 STM32Cube_FW_F4_V1.9.0/Drivers/STM32F4xx_HAL_Driver/Src/stm32f4xx_hal_cortex.o
 .debug_aranges
                0x00000468       0x58 STM32Cube_FW_F4_V1.9.0/Drivers/STM32F4xx_HAL_Driver/Src/stm32f4xx_hal_gpio.o
 .debug_aranges
                0x000004c0       0x88 STM32Cube_FW_F4_V1.9.0/Drivers/STM32F4xx_HAL_Driver/Src/stm32f4xx_hal_rcc.o
 .debug_aranges
                0x00000548       0x68 STM32Cube_FW_F4_V1.9.0/Drivers/STM32F4xx_HAL_Driver/Src/stm32f4xx_hal_dma.o
 .debug_aranges
                0x000005b0      0x190 STM32Cube_FW_F4_V1.9.0/Drivers/STM32F4xx_HAL_Driver/Src/stm32f4xx_hal_i2c.o
 .debug_aranges
                0x00000740      0x330 STM32Cube_FW_F4_V1.9.0/Drivers/STM32F4xx_HAL_Driver/Src/stm32f4xx_hal_tim.o
 .debug_aranges
                0x00000a70       0x28 STM32Cube_FW_F4_V1.9.0/Drivers/CMSIS/Device/ST/STM32F4xx/Source/Templates/system_stm32f4xx.o

.debug_ranges   0x00000000      0xd98
 .debug_ranges  0x00000000       0x28 main.o
 .debug_ranges  0x00000028       0x58 src/stm32f4xx_it.o
 .debug_ranges  0x00000080      0x200 src/init.o
 .debug_ranges  0x00000280       0xb0 STM32Cube_FW_F4_V1.9.0/Drivers/STM32F4xx_HAL_Driver/Src/stm32f4xx_hal.o
 .debug_ranges  0x00000330       0x98 STM32Cube_FW_F4_V1.9.0/Drivers/STM32F4xx_HAL_Driver/Src/stm32f4xx_hal_can.o
 .debug_ranges  0x000003c8      0x128 STM32Cube_FW_F4_V1.9.0/Drivers/STM32F4xx_HAL_Driver/Src/stm32f4xx_hal_uart.o
 .debug_ranges  0x000004f0      0x120 STM32Cube_FW_F4_V1.9.0/Drivers/STM32F4xx_HAL_Driver/Src/stm32f4xx_hal_cortex.o
 .debug_ranges  0x00000610       0x60 STM32Cube_FW_F4_V1.9.0/Drivers/STM32F4xx_HAL_Driver/Src/stm32f4xx_hal_gpio.o
 .debug_ranges  0x00000670      0x158 STM32Cube_FW_F4_V1.9.0/Drivers/STM32F4xx_HAL_Driver/Src/stm32f4xx_hal_rcc.o
 .debug_ranges  0x000007c8       0x58 STM32Cube_FW_F4_V1.9.0/Drivers/STM32F4xx_HAL_Driver/Src/stm32f4xx_hal_dma.o
 .debug_ranges  0x00000820      0x198 STM32Cube_FW_F4_V1.9.0/Drivers/STM32F4xx_HAL_Driver/Src/stm32f4xx_hal_i2c.o
 .debug_ranges  0x000009b8      0x3c8 STM32Cube_FW_F4_V1.9.0/Drivers/STM32F4xx_HAL_Driver/Src/stm32f4xx_hal_tim.o
 .debug_ranges  0x00000d80       0x18 STM32Cube_FW_F4_V1.9.0/Drivers/CMSIS/Device/ST/STM32F4xx/Source/Templates/system_stm32f4xx.o

.debug_line     0x00000000     0x5704
 .debug_line    0x00000000      0x2ad main.o
 .debug_line    0x000002ad      0x313 src/stm32f4xx_it.o
 .debug_line    0x000005c0      0x5d0 src/init.o
 .debug_line    0x00000b90      0x3df STM32Cube_FW_F4_V1.9.0/Drivers/STM32F4xx_HAL_Driver/Src/stm32f4xx_hal.o
 .debug_line    0x00000f6f      0x6ac STM32Cube_FW_F4_V1.9.0/Drivers/STM32F4xx_HAL_Driver/Src/stm32f4xx_hal_can.o
 .debug_line    0x0000161b      0xa03 STM32Cube_FW_F4_V1.9.0/Drivers/STM32F4xx_HAL_Driver/Src/stm32f4xx_hal_uart.o
 .debug_line    0x0000201e      0x406 STM32Cube_FW_F4_V1.9.0/Drivers/STM32F4xx_HAL_Driver/Src/stm32f4xx_hal_cortex.o
 .debug_line    0x00002424      0x3ea STM32Cube_FW_F4_V1.9.0/Drivers/STM32F4xx_HAL_Driver/Src/stm32f4xx_hal_gpio.o
 .debug_line    0x0000280e      0x5b9 STM32Cube_FW_F4_V1.9.0/Drivers/STM32F4xx_HAL_Driver/Src/stm32f4xx_hal_rcc.o
 .debug_line    0x00002dc7      0x48e STM32Cube_FW_F4_V1.9.0/Drivers/STM32F4xx_HAL_Driver/Src/stm32f4xx_hal_dma.o
 .debug_line    0x00003255      0xfd2 STM32Cube_FW_F4_V1.9.0/Drivers/STM32F4xx_HAL_Driver/Src/stm32f4xx_hal_i2c.o
 .debug_line    0x00004227     0x12e5 STM32Cube_FW_F4_V1.9.0/Drivers/STM32F4xx_HAL_Driver/Src/stm32f4xx_hal_tim.o
 .debug_line    0x0000550c      0x1f8 STM32Cube_FW_F4_V1.9.0/Drivers/CMSIS/Device/ST/STM32F4xx/Source/Templates/system_stm32f4xx.o

.debug_str      0x00000000     0x43f7
 .debug_str     0x00000000      0x972 main.o
                                0xb8a (size before relaxing)
 .debug_str     0x00000972      0x28d src/stm32f4xx_it.o
                                0xa5c (size before relaxing)
 .debug_str     0x00000bff     0x140b src/init.o
                               0x21a9 (size before relaxing)
 .debug_str     0x0000200a      0x366 STM32Cube_FW_F4_V1.9.0/Drivers/STM32F4xx_HAL_Driver/Src/stm32f4xx_hal.o
                                0xb00 (size before relaxing)
 .debug_str     0x00002370      0x137 STM32Cube_FW_F4_V1.9.0/Drivers/STM32F4xx_HAL_Driver/Src/stm32f4xx_hal_can.o
                                0x78a (size before relaxing)
 .debug_str     0x000024a7      0x355 STM32Cube_FW_F4_V1.9.0/Drivers/STM32F4xx_HAL_Driver/Src/stm32f4xx_hal_uart.o
                                0xaca (size before relaxing)
 .debug_str     0x000027fc      0x369 STM32Cube_FW_F4_V1.9.0/Drivers/STM32F4xx_HAL_Driver/Src/stm32f4xx_hal_cortex.o
                                0xc46 (size before relaxing)
 .debug_str     0x00002b65      0x12b STM32Cube_FW_F4_V1.9.0/Drivers/STM32F4xx_HAL_Driver/Src/stm32f4xx_hal_gpio.o
                                0x54e (size before relaxing)
 .debug_str     0x00002c90      0x1d8 STM32Cube_FW_F4_V1.9.0/Drivers/STM32F4xx_HAL_Driver/Src/stm32f4xx_hal_rcc.o
                                0x729 (size before relaxing)
 .debug_str     0x00002e68      0x16c STM32Cube_FW_F4_V1.9.0/Drivers/STM32F4xx_HAL_Driver/Src/stm32f4xx_hal_dma.o
                                0x6c0 (size before relaxing)
 .debug_str     0x00002fd4      0x5a3 STM32Cube_FW_F4_V1.9.0/Drivers/STM32F4xx_HAL_Driver/Src/stm32f4xx_hal_i2c.o
                                0xce0 (size before relaxing)
 .debug_str     0x00003577      0xdf8 STM32Cube_FW_F4_V1.9.0/Drivers/STM32F4xx_HAL_Driver/Src/stm32f4xx_hal_tim.o
                               0x147e (size before relaxing)
 .debug_str     0x0000436f       0x88 STM32Cube_FW_F4_V1.9.0/Drivers/CMSIS/Device/ST/STM32F4xx/Source/Templates/system_stm32f4xx.o
                                0x3fa (size before relaxing)

.debug_frame    0x00000000     0x2638
 .debug_frame   0x00000000       0x64 main.o
 .debug_frame   0x00000064      0x13c src/stm32f4xx_it.o
 .debug_frame   0x000001a0      0x1a8 src/init.o
 .debug_frame   0x00000348      0x184 STM32Cube_FW_F4_V1.9.0/Drivers/STM32F4xx_HAL_Driver/Src/stm32f4xx_hal.o
 .debug_frame   0x000004cc      0x1b8 STM32Cube_FW_F4_V1.9.0/Drivers/STM32F4xx_HAL_Driver/Src/stm32f4xx_hal_can.o
 .debug_frame   0x00000684      0x314 STM32Cube_FW_F4_V1.9.0/Drivers/STM32F4xx_HAL_Driver/Src/stm32f4xx_hal_uart.o
 .debug_frame   0x00000998      0x134 STM32Cube_FW_F4_V1.9.0/Drivers/STM32F4xx_HAL_Driver/Src/stm32f4xx_hal_cortex.o
 .debug_frame   0x00000acc       0xc4 STM32Cube_FW_F4_V1.9.0/Drivers/STM32F4xx_HAL_Driver/Src/stm32f4xx_hal_gpio.o
 .debug_frame   0x00000b90      0x154 STM32Cube_FW_F4_V1.9.0/Drivers/STM32F4xx_HAL_Driver/Src/stm32f4xx_hal_rcc.o
 .debug_frame   0x00000ce4      0x118 STM32Cube_FW_F4_V1.9.0/Drivers/STM32F4xx_HAL_Driver/Src/stm32f4xx_hal_dma.o
 .debug_frame   0x00000dfc      0x588 STM32Cube_FW_F4_V1.9.0/Drivers/STM32F4xx_HAL_Driver/Src/stm32f4xx_hal_i2c.o
 .debug_frame   0x00001384      0x88c STM32Cube_FW_F4_V1.9.0/Drivers/STM32F4xx_HAL_Driver/Src/stm32f4xx_hal_tim.o
 .debug_frame   0x00001c10       0x30 STM32Cube_FW_F4_V1.9.0/Drivers/CMSIS/Device/ST/STM32F4xx/Source/Templates/system_stm32f4xx.o
 .debug_frame   0x00001c40       0x34 /home/lukeinator/Documents/gcc-arm-none-eabi-5_2-2015q4/bin/../lib/gcc/arm-none-eabi/5.2.1/../../../../arm-none-eabi/lib/armv7e-m/softfp/libm.a(lib_a-s_fpclassify.o)
 .debug_frame   0x00001c74       0x2c /home/lukeinator/Documents/gcc-arm-none-eabi-5_2-2015q4/bin/../lib/gcc/arm-none-eabi/5.2.1/../../../../arm-none-eabi/lib/armv7e-m/softfp/libc_nano.a(lib_a-init.o)
 .debug_frame   0x00001ca0       0x28 /home/lukeinator/Documents/gcc-arm-none-eabi-5_2-2015q4/bin/../lib/gcc/arm-none-eabi/5.2.1/../../../../arm-none-eabi/lib/armv7e-m/softfp/libc_nano.a(lib_a-memcpy-stub.o)
 .debug_frame   0x00001cc8       0x20 /home/lukeinator/Documents/gcc-arm-none-eabi-5_2-2015q4/bin/../lib/gcc/arm-none-eabi/5.2.1/../../../../arm-none-eabi/lib/armv7e-m/softfp/libc_nano.a(lib_a-memset.o)
 .debug_frame   0x00001ce8       0x8c /home/lukeinator/Documents/gcc-arm-none-eabi-5_2-2015q4/bin/../lib/gcc/arm-none-eabi/5.2.1/../../../../arm-none-eabi/lib/armv7e-m/softfp/libc_nano.a(lib_a-nano-vfprintf_float.o)
 .debug_frame   0x00001d74       0x60 /home/lukeinator/Documents/gcc-arm-none-eabi-5_2-2015q4/bin/../lib/gcc/arm-none-eabi/5.2.1/../../../../arm-none-eabi/lib/armv7e-m/softfp/libc_nano.a(lib_a-nano-vfprintf_i.o)
 .debug_frame   0x00001dd4       0x40 /home/lukeinator/Documents/gcc-arm-none-eabi-5_2-2015q4/bin/../lib/gcc/arm-none-eabi/5.2.1/../../../../arm-none-eabi/lib/armv7e-m/softfp/libc_nano.a(lib_a-nano-vfscanf_float.o)
 .debug_frame   0x00001e14       0x20 /home/lukeinator/Documents/gcc-arm-none-eabi-5_2-2015q4/bin/../lib/gcc/arm-none-eabi/5.2.1/../../../../arm-none-eabi/lib/armv7e-m/softfp/libc_nano.a(lib_a-sf_nan.o)
 .debug_frame   0x00001e34       0x70 /home/lukeinator/Documents/gcc-arm-none-eabi-5_2-2015q4/bin/../lib/gcc/arm-none-eabi/5.2.1/../../../../arm-none-eabi/lib/armv7e-m/softfp/libc_nano.a(lib_a-sprintf.o)
 .debug_frame   0x00001ea4       0x98 /home/lukeinator/Documents/gcc-arm-none-eabi-5_2-2015q4/bin/../lib/gcc/arm-none-eabi/5.2.1/../../../../arm-none-eabi/lib/armv7e-m/softfp/libc_nano.a(lib_a-strtod.o)
 .debug_frame   0x00001f3c       0x44 /home/lukeinator/Documents/gcc-arm-none-eabi-5_2-2015q4/bin/../lib/gcc/arm-none-eabi/5.2.1/../../../../arm-none-eabi/lib/armv7e-m/softfp/libc_nano.a(lib_a-strtol.o)
 .debug_frame   0x00001f80       0x6c /home/lukeinator/Documents/gcc-arm-none-eabi-5_2-2015q4/bin/../lib/gcc/arm-none-eabi/5.2.1/../../../../arm-none-eabi/lib/armv7e-m/softfp/libc_nano.a(lib_a-dtoa.o)
 .debug_frame   0x00001fec       0x70 /home/lukeinator/Documents/gcc-arm-none-eabi-5_2-2015q4/bin/../lib/gcc/arm-none-eabi/5.2.1/../../../../arm-none-eabi/lib/armv7e-m/softfp/libc_nano.a(lib_a-gdtoa-gethex.o)
 .debug_frame   0x0000205c       0x74 /home/lukeinator/Documents/gcc-arm-none-eabi-5_2-2015q4/bin/../lib/gcc/arm-none-eabi/5.2.1/../../../../arm-none-eabi/lib/armv7e-m/softfp/libc_nano.a(lib_a-gdtoa-hexnan.o)
 .debug_frame   0x000020d0       0x98 /home/lukeinator/Documents/gcc-arm-none-eabi-5_2-2015q4/bin/../lib/gcc/arm-none-eabi/5.2.1/../../../../arm-none-eabi/lib/armv7e-m/softfp/libc_nano.a(lib_a-locale.o)
 .debug_frame   0x00002168       0x30 /home/lukeinator/Documents/gcc-arm-none-eabi-5_2-2015q4/bin/../lib/gcc/arm-none-eabi/5.2.1/../../../../arm-none-eabi/lib/armv7e-m/softfp/libc_nano.a(lib_a-malloc.o)
 .debug_frame   0x00002198      0x234 /home/lukeinator/Documents/gcc-arm-none-eabi-5_2-2015q4/bin/../lib/gcc/arm-none-eabi/5.2.1/../../../../arm-none-eabi/lib/armv7e-m/softfp/libc_nano.a(lib_a-mprec.o)
 .debug_frame   0x000023cc       0x2c /home/lukeinator/Documents/gcc-arm-none-eabi-5_2-2015q4/bin/../lib/gcc/arm-none-eabi/5.2.1/../../../../arm-none-eabi/lib/armv7e-m/softfp/libc_nano.a(lib_a-nano-callocr.o)
 .debug_frame   0x000023f8       0x2c /home/lukeinator/Documents/gcc-arm-none-eabi-5_2-2015q4/bin/../lib/gcc/arm-none-eabi/5.2.1/../../../../arm-none-eabi/lib/armv7e-m/softfp/libc_nano.a(lib_a-nano-freer.o)
 .debug_frame   0x00002424       0x2c /home/lukeinator/Documents/gcc-arm-none-eabi-5_2-2015q4/bin/../lib/gcc/arm-none-eabi/5.2.1/../../../../arm-none-eabi/lib/armv7e-m/softfp/libc_nano.a(lib_a-nano-mallocr.o)
 .debug_frame   0x00002450       0x90 /home/lukeinator/Documents/gcc-arm-none-eabi-5_2-2015q4/bin/../lib/gcc/arm-none-eabi/5.2.1/../../../../arm-none-eabi/lib/armv7e-m/softfp/libc_nano.a(lib_a-nano-svfprintf.o)
 .debug_frame   0x000024e0       0x2c /home/lukeinator/Documents/gcc-arm-none-eabi-5_2-2015q4/bin/../lib/gcc/arm-none-eabi/5.2.1/../../../../arm-none-eabi/lib/armv7e-m/softfp/libc_nano.a(lib_a-sbrkr.o)
 .debug_frame   0x0000250c       0x2c /home/lukeinator/Documents/gcc-arm-none-eabi-5_2-2015q4/bin/../lib/gcc/arm-none-eabi/5.2.1/../../../../arm-none-eabi/lib/armv7e-m/softfp/libc_nano.a(lib_a-strncmp.o)
 .debug_frame   0x00002538       0x28 /home/lukeinator/Documents/gcc-arm-none-eabi-5_2-2015q4/bin/../lib/gcc/arm-none-eabi/5.2.1/../../../../arm-none-eabi/lib/armv7e-m/softfp/libc_nano.a(lib_a-memmove.o)
 .debug_frame   0x00002560       0x3c /home/lukeinator/Documents/gcc-arm-none-eabi-5_2-2015q4/bin/../lib/gcc/arm-none-eabi/5.2.1/../../../../arm-none-eabi/lib/armv7e-m/softfp/libc_nano.a(lib_a-nano-reallocr.o)
 .debug_frame   0x0000259c       0x5c /home/lukeinator/Documents/gcc-arm-none-eabi-5_2-2015q4/bin/../lib/gcc/arm-none-eabi/5.2.1/../../../../arm-none-eabi/lib/armv7e-m/softfp/libc_nano.a(lib_a-reent.o)
 .debug_frame   0x000025f8       0x20 /home/lukeinator/Documents/gcc-arm-none-eabi-5_2-2015q4/bin/../lib/gcc/arm-none-eabi/5.2.1/../../../../arm-none-eabi/lib/armv7e-m/softfp/libc_nano.a(lib_a-nano-msizer.o)
 .debug_frame   0x00002618       0x20 /home/lukeinator/Documents/gcc-arm-none-eabi-5_2-2015q4/bin/../lib/gcc/arm-none-eabi/5.2.1/../../../../arm-none-eabi/lib/armv7e-m/softfp/libnosys.a(sbrk.o)

Cross Reference Table

Symbol                                            File
ADC_IRQHandler                                    STM32Cube_FW_F4_V1.9.0/Drivers/CMSIS/Device/ST/STM32F4xx/Source/Templates/gcc/startup_stm32f407xx.o
AHBPrescTable                                     STM32Cube_FW_F4_V1.9.0/Drivers/CMSIS/Device/ST/STM32F4xx/Source/Templates/system_stm32f4xx.o
APBAHBPrescTable                                  STM32Cube_FW_F4_V1.9.0/Drivers/STM32F4xx_HAL_Driver/Src/stm32f4xx_hal_rcc.o
BusFault_Handler                                  src/stm32f4xx_it.o
CAN1_RX0_IRQHandler                               STM32Cube_FW_F4_V1.9.0/Drivers/CMSIS/Device/ST/STM32F4xx/Source/Templates/gcc/startup_stm32f407xx.o
CAN1_RX1_IRQHandler                               STM32Cube_FW_F4_V1.9.0/Drivers/CMSIS/Device/ST/STM32F4xx/Source/Templates/gcc/startup_stm32f407xx.o
CAN1_SCE_IRQHandler                               STM32Cube_FW_F4_V1.9.0/Drivers/CMSIS/Device/ST/STM32F4xx/Source/Templates/gcc/startup_stm32f407xx.o
CAN1_TX_IRQHandler                                STM32Cube_FW_F4_V1.9.0/Drivers/CMSIS/Device/ST/STM32F4xx/Source/Templates/gcc/startup_stm32f407xx.o
CAN2_RX0_IRQHandler                               src/stm32f4xx_it.o
CAN2_RX1_IRQHandler                               src/stm32f4xx_it.o
CAN2_SCE_IRQHandler                               STM32Cube_FW_F4_V1.9.0/Drivers/CMSIS/Device/ST/STM32F4xx/Source/Templates/gcc/startup_stm32f407xx.o
CAN2_TX_IRQHandler                                STM32Cube_FW_F4_V1.9.0/Drivers/CMSIS/Device/ST/STM32F4xx/Source/Templates/gcc/startup_stm32f407xx.o
DCMI_IRQHandler                                   STM32Cube_FW_F4_V1.9.0/Drivers/CMSIS/Device/ST/STM32F4xx/Source/Templates/gcc/startup_stm32f407xx.o
DMA1_Stream0_IRQHandler                           src/stm32f4xx_it.o
DMA1_Stream1_IRQHandler                           src/stm32f4xx_it.o
DMA1_Stream2_IRQHandler                           STM32Cube_FW_F4_V1.9.0/Drivers/CMSIS/Device/ST/STM32F4xx/Source/Templates/gcc/startup_stm32f407xx.o
DMA1_Stream3_IRQHandler                           src/stm32f4xx_it.o
DMA1_Stream4_IRQHandler                           STM32Cube_FW_F4_V1.9.0/Drivers/CMSIS/Device/ST/STM32F4xx/Source/Templates/gcc/startup_stm32f407xx.o
DMA1_Stream5_IRQHandler                           STM32Cube_FW_F4_V1.9.0/Drivers/CMSIS/Device/ST/STM32F4xx/Source/Templates/gcc/startup_stm32f407xx.o
DMA1_Stream6_IRQHandler                           src/stm32f4xx_it.o
DMA1_Stream7_IRQHandler                           STM32Cube_FW_F4_V1.9.0/Drivers/CMSIS/Device/ST/STM32F4xx/Source/Templates/gcc/startup_stm32f407xx.o
DMA2_Stream0_IRQHandler                           STM32Cube_FW_F4_V1.9.0/Drivers/CMSIS/Device/ST/STM32F4xx/Source/Templates/gcc/startup_stm32f407xx.o
DMA2_Stream1_IRQHandler                           STM32Cube_FW_F4_V1.9.0/Drivers/CMSIS/Device/ST/STM32F4xx/Source/Templates/gcc/startup_stm32f407xx.o
DMA2_Stream2_IRQHandler                           STM32Cube_FW_F4_V1.9.0/Drivers/CMSIS/Device/ST/STM32F4xx/Source/Templates/gcc/startup_stm32f407xx.o
DMA2_Stream3_IRQHandler                           STM32Cube_FW_F4_V1.9.0/Drivers/CMSIS/Device/ST/STM32F4xx/Source/Templates/gcc/startup_stm32f407xx.o
DMA2_Stream4_IRQHandler                           STM32Cube_FW_F4_V1.9.0/Drivers/CMSIS/Device/ST/STM32F4xx/Source/Templates/gcc/startup_stm32f407xx.o
DMA2_Stream5_IRQHandler                           STM32Cube_FW_F4_V1.9.0/Drivers/CMSIS/Device/ST/STM32F4xx/Source/Templates/gcc/startup_stm32f407xx.o
DMA2_Stream6_IRQHandler                           STM32Cube_FW_F4_V1.9.0/Drivers/CMSIS/Device/ST/STM32F4xx/Source/Templates/gcc/startup_stm32f407xx.o
DMA2_Stream7_IRQHandler                           STM32Cube_FW_F4_V1.9.0/Drivers/CMSIS/Device/ST/STM32F4xx/Source/Templates/gcc/startup_stm32f407xx.o
DebugMon_Handler                                  src/stm32f4xx_it.o
Default_Handler                                   STM32Cube_FW_F4_V1.9.0/Drivers/CMSIS/Device/ST/STM32F4xx/Source/Templates/gcc/startup_stm32f407xx.o
ETH_IRQHandler                                    STM32Cube_FW_F4_V1.9.0/Drivers/CMSIS/Device/ST/STM32F4xx/Source/Templates/gcc/startup_stm32f407xx.o